<html>
<body>
<pre>
<h1>µVision Build Log</h1>
<h2>Tool Versions:</h2>
IDE-Version: µVision V5.25.2.0
Copyright (C) 2018 ARM Ltd and ARM Germany GmbH. All rights reserved.
License Information: Adrian Colin, School, LIC=0VRAR-KN5TZ-NR8XL-0BA4K-FY8S4-7AVS6
 
Tool Versions:
Toolchain:       MDK-ARM Professional  Version: 5.25.2.0
Toolchain Path:  C:\Keil_v5\ARM\ARMCC\Bin
C Compiler:      Armcc.exe V5.06 update 6 (build 750)
Assembler:       Armasm.exe V5.06 update 6 (build 750)
Linker/Locator:  ArmLink.exe V5.06 update 6 (build 750)
Library Manager: ArmAr.exe V5.06 update 6 (build 750)
Hex Converter:   FromElf.exe V5.06 update 6 (build 750)
CPU DLL:         SARMCM3.DLL V5.25.2.0
Dialog DLL:      DCM.DLL V1.17.1.0
Target DLL:      STLink\ST-LINKIII-KEIL_SWO.dll V3.0.1.0
Dialog DLL:      TCM.DLL V1.35.1.0
 
<h2>Project:</h2>
C:\Users\Adrian\Google Drive\projects\arm\adrian_arm\base_project\MDK-ARM\base.uvprojx
Project File Date:  08/07/2018

<h2>Output:</h2>
*** Using Compiler 'V5.06 update 6 (build 750)', folder: 'C:\Keil_v5\ARM\ARMCC\Bin'
Rebuild target 'Target 1'
compiling gpio.c...
compiling delay.c...
compiling main.c...
compiling button.c...
compiling led.c...
compiling tim.c...
compiling stm32f3xx_ll_adc.c...
compiling adc.c...
compiling stm32f3xx_ll_comp.c...
compiling stm32f3xx_ll_crc.c...
compiling stm32f3xx_ll_dac.c...
compiling stm32f3xx_ll_dma.c...
compiling stm32f3xx_ll_exti.c...
compiling stm32f3xx_ll_gpio.c...
compiling stm32f3xx_ll_hrtim.c...
compiling stm32f3xx_ll_opamp.c...
compiling stm32f3xx_ll_i2c.c...
compiling stm32f3xx_ll_pwr.c...
compiling stm32f3xx_ll_rcc.c...
compiling stm32f3xx_ll_rtc.c...
compiling stm32f3xx_ll_spi.c...
compiling stm32f3xx_ll_tim.c...
compiling stm32f3xx_ll_usart.c...
assembling startup_stm32f302x8.s...
compiling system_stm32f3xx.c...
compiling stm32f3xx_ll_utils.c...
linking...
Program Size: Code=2808 RO-data=496 RW-data=12 ZI-data=1636  
".\Objects\base.axf" - 0 Error(s), 0 Warning(s).

<h2>Software Packages used:</h2>

Package Vendor: ARM
                http://www.keil.com/pack/ARM.CMSIS.5.3.0.pack
                ARM.CMSIS.5.3.0
                CMSIS (Cortex Microcontroller Software Interface Standard)
   * Component: CORE Version: 5.1.1

Package Vendor: Keil
                http://www.keil.com/pack/Keil.STM32F3xx_DFP.1.4.0.pack
                Keil.STM32F3xx_DFP.1.4.0
                STMicroelectronics STM32F3 Series Device Support and Examples
   * Component: Startup Version: 1.3.0

<h2>Collection of Component include folders:</h2>
  .\RTE\_Target_1
  C:\Keil_v5\ARM\PACK\ARM\CMSIS\5.3.0\CMSIS\Include
  C:\Keil_v5\ARM\PACK\Keil\STM32F3xx_DFP\1.4.0\Device\Include

<h2>Collection of Component Files used:</h2>

   * Component: ARM::CMSIS:CORE:5.1.1

   * Component: Keil::Device:Startup:1.3.0
      Source file:   Device\Source\ARM\startup_stm32f302x8.s
      Source file:   Device\Source\ARM\STM32F3xx_OPT.s
      Source file:   Device\Source\system_stm32f3xx.c
Build Time Elapsed:  00:00:22
</pre>
</body>
</html>
