Component: ARM Compiler 5.06 update 6 (build 750) Tool: armlink [4d35ed]

==============================================================================

Section Cross References

    main.o(i.main) refers to led.o(i.led_init) for led_init
    main.o(i.main) refers to button.o(i.button_init) for button_init
    main.o(i.main) refers to tim.o(i.gpio_pwm_init) for gpio_pwm_init
    main.o(i.main) refers to tim.o(i.tim1_init) for tim1_init
    main.o(i.main) refers to tim.o(i.tim1_start) for tim1_start
    main.o(i.main) refers to tim.o(i.tim1_pwm_init) for tim1_pwm_init
    led.o(i.led_init) refers to stm32f3xx_ll_gpio.o(i.LL_GPIO_StructInit) for LL_GPIO_StructInit
    led.o(i.led_init) refers to stm32f3xx_ll_gpio.o(i.LL_GPIO_Init) for LL_GPIO_Init
    led.o(i.led_init) refers to led.o(i.LL_GPIO_ResetOutputPin) for LL_GPIO_ResetOutputPin
    led.o(i.led_write) refers to led.o(i.LL_GPIO_ResetOutputPin) for LL_GPIO_ResetOutputPin
    button.o(i.button_init) refers to stm32f3xx_ll_gpio.o(i.LL_GPIO_StructInit) for LL_GPIO_StructInit
    button.o(i.button_init) refers to stm32f3xx_ll_gpio.o(i.LL_GPIO_Init) for LL_GPIO_Init
    adc.o(i.ADC1_IRQHandler) refers to adc.o(i.LL_ADC_ClearFlag_JEOS) for LL_ADC_ClearFlag_JEOS
    adc.o(i.ADC1_IRQHandler) refers to adc.o(.data) for adc1_callback
    adc.o(i.DMA1_Channel1_IRQHandler) refers to adc.o(i.LL_DMA_EnableChannel) for LL_DMA_EnableChannel
    adc.o(i.DMA1_Channel1_IRQHandler) refers to adc.o(.data) for dma_callback
    adc.o(i.DMA1_Channel1_IRQHandler) refers to adc.o(.constdata) for CHANNEL_OFFSET_TAB
    adc.o(i.LL_DMA_EnableChannel) refers to adc.o(.constdata) for CHANNEL_OFFSET_TAB
    adc.o(i.adc_config_pins) refers to adc.o(i.LL_AHB1_GRP1_EnableClock) for LL_AHB1_GRP1_EnableClock
    adc.o(i.adc_config_pins) refers to stm32f3xx_ll_gpio.o(i.LL_GPIO_StructInit) for LL_GPIO_StructInit
    adc.o(i.adc_config_pins) refers to stm32f3xx_ll_gpio.o(i.LL_GPIO_Init) for LL_GPIO_Init
    adc.o(i.adc_dma_config) refers to adc.o(i.LL_AHB1_GRP1_EnableClock) for LL_AHB1_GRP1_EnableClock
    adc.o(i.adc_dma_config) refers to stm32f3xx_ll_dma.o(i.LL_DMA_StructInit) for LL_DMA_StructInit
    adc.o(i.adc_dma_config) refers to stm32f3xx_ll_dma.o(i.LL_DMA_Init) for LL_DMA_Init
    adc.o(i.adc_dma_config) refers to adc.o(i.LL_ADC_Enable) for LL_ADC_Enable
    adc.o(i.adc_dma_config) refers to adc.o(i.LL_ADC_IsActiveFlag_ADRDY) for LL_ADC_IsActiveFlag_ADRDY
    adc.o(i.adc_dma_config) refers to adc.o(i.LL_DMA_EnableChannel) for LL_DMA_EnableChannel
    adc.o(i.adc_dma_config) refers to adc.o(i.__NVIC_EnableIRQ) for __NVIC_EnableIRQ
    adc.o(i.adc_dma_config) refers to adc.o(.data) for dma_callback
    adc.o(i.adc_dma_config) refers to adc.o(.constdata) for CHANNEL_OFFSET_TAB
    adc.o(i.adc_injected_capture) refers to adc.o(i.LL_ADC_ClearFlag_JEOS) for LL_ADC_ClearFlag_JEOS
    adc.o(i.adc_injected_enableIRQ) refers to adc.o(i.LL_ADC_ClearFlag_JEOS) for LL_ADC_ClearFlag_JEOS
    adc.o(i.adc_injected_enableIRQ) refers to adc.o(i.__NVIC_EnableIRQ) for __NVIC_EnableIRQ
    adc.o(i.adc_injected_enableIRQ) refers to adc.o(.data) for adc1_callback
    adc.o(i.adc_injected_init) refers to adc.o(i.adc_config_pins) for adc_config_pins
    adc.o(i.adc_injected_init) refers to adc.o(i.LL_AHB1_GRP1_EnableClock) for LL_AHB1_GRP1_EnableClock
    adc.o(i.adc_injected_init) refers to adc.o(i.LL_RCC_SetADCClockSource) for LL_RCC_SetADCClockSource
    adc.o(i.adc_injected_init) refers to stm32f3xx_ll_adc.o(i.LL_ADC_CommonStructInit) for LL_ADC_CommonStructInit
    adc.o(i.adc_injected_init) refers to stm32f3xx_ll_adc.o(i.LL_ADC_CommonInit) for LL_ADC_CommonInit
    adc.o(i.adc_injected_init) refers to adc.o(i.LL_ADC_EnableInternalRegulator) for LL_ADC_EnableInternalRegulator
    adc.o(i.adc_injected_init) refers to delay.o(i.delay_ms) for delay_ms
    adc.o(i.adc_injected_init) refers to adc.o(i.LL_ADC_StartCalibration) for LL_ADC_StartCalibration
    adc.o(i.adc_injected_init) refers to stm32f3xx_ll_adc.o(i.LL_ADC_StructInit) for LL_ADC_StructInit
    adc.o(i.adc_injected_init) refers to stm32f3xx_ll_adc.o(i.LL_ADC_Init) for LL_ADC_Init
    adc.o(i.adc_injected_init) refers to adc.o(i.LL_ADC_Enable) for LL_ADC_Enable
    adc.o(i.adc_injected_init) refers to adc.o(i.LL_ADC_IsActiveFlag_ADRDY) for LL_ADC_IsActiveFlag_ADRDY
    adc.o(i.adc_injected_read_rank) refers to adc.o(.constdata) for .constdata
    adc.o(i.adc_injected_waitUntilComplete) refers to adc.o(i.LL_ADC_ClearFlag_JEOS) for LL_ADC_ClearFlag_JEOS
    adc.o(i.adc_regular_enableIRQ) refers to adc.o(i.__NVIC_EnableIRQ) for __NVIC_EnableIRQ
    adc.o(i.adc_regular_enableIRQ) refers to adc.o(.data) for adc1_callback
    adc.o(i.adc_regular_init) refers to adc.o(i.adc_config_pins) for adc_config_pins
    adc.o(i.adc_regular_init) refers to adc.o(i.LL_AHB1_GRP1_EnableClock) for LL_AHB1_GRP1_EnableClock
    adc.o(i.adc_regular_init) refers to adc.o(i.LL_RCC_SetADCClockSource) for LL_RCC_SetADCClockSource
[...]
    stm32f3xx_ll_rtc.o(i.LL_RTC_ALMB_Init) refers to stm32f3xx_ll_rtc.o(i.LL_RTC_ALMB_SetDay) for LL_RTC_ALMB_SetDay
    stm32f3xx_ll_rtc.o(i.LL_RTC_ALMB_Init) refers to stm32f3xx_ll_rtc.o(i.LL_RTC_ALMB_ConfigTime) for LL_RTC_ALMB_ConfigTime
    stm32f3xx_ll_rtc.o(i.LL_RTC_ALMB_Init) refers to stm32f3xx_ll_rtc.o(i.LL_RTC_EnableWriteProtection) for LL_RTC_EnableWriteProtection
    stm32f3xx_ll_rtc.o(i.LL_RTC_DATE_Init) refers to stm32f3xx_ll_rtc.o(i.LL_RTC_DisableWriteProtection) for LL_RTC_DisableWriteProtection
    stm32f3xx_ll_rtc.o(i.LL_RTC_DATE_Init) refers to stm32f3xx_ll_rtc.o(i.LL_RTC_EnterInitMode) for LL_RTC_EnterInitMode
    stm32f3xx_ll_rtc.o(i.LL_RTC_DATE_Init) refers to stm32f3xx_ll_rtc.o(i.LL_RTC_DATE_Config) for LL_RTC_DATE_Config
    stm32f3xx_ll_rtc.o(i.LL_RTC_DATE_Init) refers to stm32f3xx_ll_rtc.o(i.LL_RTC_DisableInitMode) for LL_RTC_DisableInitMode
    stm32f3xx_ll_rtc.o(i.LL_RTC_DATE_Init) refers to stm32f3xx_ll_rtc.o(i.LL_RTC_IsShadowRegBypassEnabled) for LL_RTC_IsShadowRegBypassEnabled
    stm32f3xx_ll_rtc.o(i.LL_RTC_DATE_Init) refers to stm32f3xx_ll_rtc.o(i.LL_RTC_WaitForSynchro) for LL_RTC_WaitForSynchro
    stm32f3xx_ll_rtc.o(i.LL_RTC_DATE_Init) refers to stm32f3xx_ll_rtc.o(i.LL_RTC_EnableWriteProtection) for LL_RTC_EnableWriteProtection
    stm32f3xx_ll_rtc.o(i.LL_RTC_DeInit) refers to stm32f3xx_ll_rtc.o(i.LL_RTC_DisableWriteProtection) for LL_RTC_DisableWriteProtection
    stm32f3xx_ll_rtc.o(i.LL_RTC_DeInit) refers to stm32f3xx_ll_rtc.o(i.LL_RTC_EnterInitMode) for LL_RTC_EnterInitMode
    stm32f3xx_ll_rtc.o(i.LL_RTC_DeInit) refers to stm32f3xx_ll_rtc.o(i.LL_RTC_WaitForSynchro) for LL_RTC_WaitForSynchro
    stm32f3xx_ll_rtc.o(i.LL_RTC_DeInit) refers to stm32f3xx_ll_rtc.o(i.LL_RTC_EnableWriteProtection) for LL_RTC_EnableWriteProtection
    stm32f3xx_ll_rtc.o(i.LL_RTC_EnterInitMode) refers to stm32f3xx_ll_rtc.o(i.LL_RTC_IsActiveFlag_INIT) for LL_RTC_IsActiveFlag_INIT
    stm32f3xx_ll_rtc.o(i.LL_RTC_EnterInitMode) refers to stm32f3xx_ll_rtc.o(i.LL_SYSTICK_IsActiveCounterFlag) for LL_SYSTICK_IsActiveCounterFlag
    stm32f3xx_ll_rtc.o(i.LL_RTC_ExitInitMode) refers to stm32f3xx_ll_rtc.o(i.LL_RTC_DisableInitMode) for LL_RTC_DisableInitMode
    stm32f3xx_ll_rtc.o(i.LL_RTC_Init) refers to stm32f3xx_ll_rtc.o(i.LL_RTC_DisableWriteProtection) for LL_RTC_DisableWriteProtection
    stm32f3xx_ll_rtc.o(i.LL_RTC_Init) refers to stm32f3xx_ll_rtc.o(i.LL_RTC_EnterInitMode) for LL_RTC_EnterInitMode
    stm32f3xx_ll_rtc.o(i.LL_RTC_Init) refers to stm32f3xx_ll_rtc.o(i.LL_RTC_DisableInitMode) for LL_RTC_DisableInitMode
    stm32f3xx_ll_rtc.o(i.LL_RTC_Init) refers to stm32f3xx_ll_rtc.o(i.LL_RTC_EnableWriteProtection) for LL_RTC_EnableWriteProtection
    stm32f3xx_ll_rtc.o(i.LL_RTC_TIME_Init) refers to stm32f3xx_ll_rtc.o(i.LL_RTC_GetHourFormat) for LL_RTC_GetHourFormat
    stm32f3xx_ll_rtc.o(i.LL_RTC_TIME_Init) refers to stm32f3xx_ll_rtc.o(i.LL_RTC_DisableWriteProtection) for LL_RTC_DisableWriteProtection
    stm32f3xx_ll_rtc.o(i.LL_RTC_TIME_Init) refers to stm32f3xx_ll_rtc.o(i.LL_RTC_EnterInitMode) for LL_RTC_EnterInitMode
    stm32f3xx_ll_rtc.o(i.LL_RTC_TIME_Init) refers to stm32f3xx_ll_rtc.o(i.LL_RTC_TIME_Config) for LL_RTC_TIME_Config
    stm32f3xx_ll_rtc.o(i.LL_RTC_TIME_Init) refers to stm32f3xx_ll_rtc.o(i.LL_RTC_DisableInitMode) for LL_RTC_DisableInitMode
    stm32f3xx_ll_rtc.o(i.LL_RTC_TIME_Init) refers to stm32f3xx_ll_rtc.o(i.LL_RTC_IsShadowRegBypassEnabled) for LL_RTC_IsShadowRegBypassEnabled
    stm32f3xx_ll_rtc.o(i.LL_RTC_TIME_Init) refers to stm32f3xx_ll_rtc.o(i.LL_RTC_WaitForSynchro) for LL_RTC_WaitForSynchro
    stm32f3xx_ll_rtc.o(i.LL_RTC_TIME_Init) refers to stm32f3xx_ll_rtc.o(i.LL_RTC_EnableWriteProtection) for LL_RTC_EnableWriteProtection
    stm32f3xx_ll_rtc.o(i.LL_RTC_WaitForSynchro) refers to stm32f3xx_ll_rtc.o(i.LL_RTC_IsActiveFlag_RS) for LL_RTC_IsActiveFlag_RS
    stm32f3xx_ll_rtc.o(i.LL_RTC_WaitForSynchro) refers to stm32f3xx_ll_rtc.o(i.LL_SYSTICK_IsActiveCounterFlag) for LL_SYSTICK_IsActiveCounterFlag
    stm32f3xx_ll_spi.o(i.LL_I2S_DeInit) refers to stm32f3xx_ll_spi.o(i.LL_SPI_DeInit) for LL_SPI_DeInit
    stm32f3xx_ll_spi.o(i.LL_I2S_Init) refers to stm32f3xx_ll_spi.o(i.LL_I2S_IsEnabled) for LL_I2S_IsEnabled
    stm32f3xx_ll_spi.o(i.LL_I2S_Init) refers to stm32f3xx_ll_rcc.o(i.LL_RCC_GetSystemClocksFreq) for LL_RCC_GetSystemClocksFreq
    stm32f3xx_ll_spi.o(i.LL_I2S_InitFullDuplex) refers to stm32f3xx_ll_spi.o(i.LL_I2S_IsEnabled) for LL_I2S_IsEnabled
    stm32f3xx_ll_spi.o(i.LL_SPI_DeInit) refers to stm32f3xx_ll_spi.o(i.LL_APB1_GRP1_ForceReset) for LL_APB1_GRP1_ForceReset
    stm32f3xx_ll_spi.o(i.LL_SPI_DeInit) refers to stm32f3xx_ll_spi.o(i.LL_APB1_GRP1_ReleaseReset) for LL_APB1_GRP1_ReleaseReset
    stm32f3xx_ll_tim.o(i.LL_TIM_DeInit) refers to stm32f3xx_ll_tim.o(i.LL_APB1_GRP1_ForceReset) for LL_APB1_GRP1_ForceReset
    stm32f3xx_ll_tim.o(i.LL_TIM_DeInit) refers to stm32f3xx_ll_tim.o(i.LL_APB1_GRP1_ReleaseReset) for LL_APB1_GRP1_ReleaseReset
    stm32f3xx_ll_tim.o(i.LL_TIM_DeInit) refers to stm32f3xx_ll_tim.o(i.LL_APB2_GRP1_ForceReset) for LL_APB2_GRP1_ForceReset
    stm32f3xx_ll_tim.o(i.LL_TIM_DeInit) refers to stm32f3xx_ll_tim.o(i.LL_APB2_GRP1_ReleaseReset) for LL_APB2_GRP1_ReleaseReset
    stm32f3xx_ll_tim.o(i.LL_TIM_HALLSENSOR_Init) refers to stm32f3xx_ll_tim.o(i.LL_TIM_OC_SetCompareCH2) for LL_TIM_OC_SetCompareCH2
    stm32f3xx_ll_tim.o(i.LL_TIM_IC_Init) refers to stm32f3xx_ll_tim.o(i.IC1Config) for IC1Config
    stm32f3xx_ll_tim.o(i.LL_TIM_IC_Init) refers to stm32f3xx_ll_tim.o(i.IC2Config) for IC2Config
    stm32f3xx_ll_tim.o(i.LL_TIM_IC_Init) refers to stm32f3xx_ll_tim.o(i.IC3Config) for IC3Config
    stm32f3xx_ll_tim.o(i.LL_TIM_IC_Init) refers to stm32f3xx_ll_tim.o(i.IC4Config) for IC4Config
    stm32f3xx_ll_tim.o(i.LL_TIM_OC_Init) refers to stm32f3xx_ll_tim.o(i.OC1Config) for OC1Config
    stm32f3xx_ll_tim.o(i.LL_TIM_OC_Init) refers to stm32f3xx_ll_tim.o(i.OC2Config) for OC2Config
    stm32f3xx_ll_tim.o(i.LL_TIM_OC_Init) refers to stm32f3xx_ll_tim.o(i.OC3Config) for OC3Config
    stm32f3xx_ll_tim.o(i.LL_TIM_OC_Init) refers to stm32f3xx_ll_tim.o(i.OC4Config) for OC4Config
    stm32f3xx_ll_tim.o(i.LL_TIM_OC_Init) refers to stm32f3xx_ll_tim.o(i.OC5Config) for OC5Config
    stm32f3xx_ll_tim.o(i.LL_TIM_OC_Init) refers to stm32f3xx_ll_tim.o(i.OC6Config) for OC6Config
    stm32f3xx_ll_tim.o(i.OC2Config) refers to stm32f3xx_ll_tim.o(i.LL_TIM_OC_SetCompareCH2) for LL_TIM_OC_SetCompareCH2
    stm32f3xx_ll_usart.o(i.LL_USART_ClockInit) refers to stm32f3xx_ll_usart.o(i.LL_USART_IsEnabled) for LL_USART_IsEnabled
    stm32f3xx_ll_usart.o(i.LL_USART_DeInit) refers to stm32f3xx_ll_usart.o(i.LL_APB1_GRP1_ForceReset) for LL_APB1_GRP1_ForceReset
    stm32f3xx_ll_usart.o(i.LL_USART_DeInit) refers to stm32f3xx_ll_usart.o(i.LL_APB1_GRP1_ReleaseReset) for LL_APB1_GRP1_ReleaseReset
    stm32f3xx_ll_usart.o(i.LL_USART_Init) refers to stm32f3xx_ll_usart.o(i.LL_USART_IsEnabled) for LL_USART_IsEnabled
    stm32f3xx_ll_usart.o(i.LL_USART_Init) refers to stm32f3xx_ll_rcc.o(i.LL_RCC_GetUSARTClockFreq) for LL_RCC_GetUSARTClockFreq
    stm32f3xx_ll_usart.o(i.LL_USART_Init) refers to stm32f3xx_ll_rcc.o(i.LL_RCC_GetSystemClocksFreq) for LL_RCC_GetSystemClocksFreq
    stm32f3xx_ll_utils.o(i.LL_PLL_ConfigSystemClock_HSE) refers to stm32f3xx_ll_utils.o(i.UTILS_PLL_IsBusy) for UTILS_PLL_IsBusy
    stm32f3xx_ll_utils.o(i.LL_PLL_ConfigSystemClock_HSE) refers to stm32f3xx_ll_utils.o(i.UTILS_GetPLLOutputFrequency) for UTILS_GetPLLOutputFrequency
    stm32f3xx_ll_utils.o(i.LL_PLL_ConfigSystemClock_HSE) refers to stm32f3xx_ll_utils.o(i.LL_RCC_HSE_IsReady) for LL_RCC_HSE_IsReady
    stm32f3xx_ll_utils.o(i.LL_PLL_ConfigSystemClock_HSE) refers to stm32f3xx_ll_utils.o(i.LL_RCC_PLL_ConfigDomain_SYS) for LL_RCC_PLL_ConfigDomain_SYS
    stm32f3xx_ll_utils.o(i.LL_PLL_ConfigSystemClock_HSE) refers to stm32f3xx_ll_utils.o(i.UTILS_EnablePLLAndSwitchSystem) for UTILS_EnablePLLAndSwitchSystem
    stm32f3xx_ll_utils.o(i.LL_PLL_ConfigSystemClock_HSI) refers to stm32f3xx_ll_utils.o(i.UTILS_PLL_IsBusy) for UTILS_PLL_IsBusy
    stm32f3xx_ll_utils.o(i.LL_PLL_ConfigSystemClock_HSI) refers to stm32f3xx_ll_utils.o(i.UTILS_GetPLLOutputFrequency) for UTILS_GetPLLOutputFrequency
    stm32f3xx_ll_utils.o(i.LL_PLL_ConfigSystemClock_HSI) refers to stm32f3xx_ll_utils.o(i.LL_RCC_HSI_IsReady) for LL_RCC_HSI_IsReady
    stm32f3xx_ll_utils.o(i.LL_PLL_ConfigSystemClock_HSI) refers to stm32f3xx_ll_utils.o(i.LL_RCC_PLL_ConfigDomain_SYS) for LL_RCC_PLL_ConfigDomain_SYS
    stm32f3xx_ll_utils.o(i.LL_PLL_ConfigSystemClock_HSI) refers to stm32f3xx_ll_utils.o(i.UTILS_EnablePLLAndSwitchSystem) for UTILS_EnablePLLAndSwitchSystem
    stm32f3xx_ll_utils.o(i.LL_SetSystemCoreClock) refers to system_stm32f3xx.o(.data) for SystemCoreClock
    stm32f3xx_ll_utils.o(i.UTILS_EnablePLLAndSwitchSystem) refers to stm32f3xx_ll_utils.o(i.UTILS_SetFlashLatency) for UTILS_SetFlashLatency
    stm32f3xx_ll_utils.o(i.UTILS_EnablePLLAndSwitchSystem) refers to stm32f3xx_ll_utils.o(i.LL_RCC_PLL_IsReady) for LL_RCC_PLL_IsReady
    stm32f3xx_ll_utils.o(i.UTILS_EnablePLLAndSwitchSystem) refers to stm32f3xx_ll_utils.o(i.LL_SetSystemCoreClock) for LL_SetSystemCoreClock
    stm32f3xx_ll_utils.o(i.UTILS_EnablePLLAndSwitchSystem) refers to system_stm32f3xx.o(.constdata) for AHBPrescTable
    stm32f3xx_ll_utils.o(i.UTILS_EnablePLLAndSwitchSystem) refers to system_stm32f3xx.o(.data) for SystemCoreClock
    stm32f3xx_ll_utils.o(i.UTILS_PLL_IsBusy) refers to stm32f3xx_ll_utils.o(i.LL_RCC_PLL_IsReady) for LL_RCC_PLL_IsReady
    startup_stm32f302x8.o(STACK) refers (Special) to heapauxi.o(.text) for __use_two_region_memory
    startup_stm32f302x8.o(HEAP) refers (Special) to heapauxi.o(.text) for __use_two_region_memory
    startup_stm32f302x8.o(RESET) refers (Special) to heapauxi.o(.text) for __use_two_region_memory
    startup_stm32f302x8.o(RESET) refers to startup_stm32f302x8.o(STACK) for __initial_sp
    startup_stm32f302x8.o(RESET) refers to startup_stm32f302x8.o(.text) for Reset_Handler
    startup_stm32f302x8.o(RESET) refers to adc.o(i.DMA1_Channel1_IRQHandler) for DMA1_Channel1_IRQHandler
    startup_stm32f302x8.o(RESET) refers to adc.o(i.ADC1_IRQHandler) for ADC1_IRQHandler
    startup_stm32f302x8.o(.text) refers (Special) to heapauxi.o(.text) for __use_two_region_memory
    startup_stm32f302x8.o(.text) refers to system_stm32f3xx.o(i.SystemInit) for SystemInit
    startup_stm32f302x8.o(.text) refers to __main.o(!!!main) for __main
    startup_stm32f302x8.o(.text) refers to startup_stm32f302x8.o(HEAP) for Heap_Mem
    startup_stm32f302x8.o(.text) refers to startup_stm32f302x8.o(STACK) for Stack_Mem
    system_stm32f3xx.o(i.SystemCoreClockUpdate) refers to system_stm32f3xx.o(.data) for SystemCoreClock
    system_stm32f3xx.o(i.SystemCoreClockUpdate) refers to system_stm32f3xx.o(.constdata) for AHBPrescTable
    __main.o(!!!main) refers to __rtentry.o(.ARM.Collect$$rtentry$$00000000) for __rt_entry
    __rtentry.o(.ARM.Collect$$rtentry$$00000000) refers (Special) to __rtentry2.o(.ARM.Collect$$rtentry$$0000000A) for __rt_entry_li
    __rtentry.o(.ARM.Collect$$rtentry$$00000000) refers (Special) to __rtentry2.o(.ARM.Collect$$rtentry$$0000000D) for __rt_entry_main
    __rtentry.o(.ARM.Collect$$rtentry$$00000000) refers (Special) to __rtentry2.o(.ARM.Collect$$rtentry$$0000000C) for __rt_entry_postli_1
    __rtentry.o(.ARM.Collect$$rtentry$$00000000) refers (Special) to __rtentry2.o(.ARM.Collect$$rtentry$$00000009) for __rt_entry_postsh_1
    __rtentry.o(.ARM.Collect$$rtentry$$00000000) refers (Special) to __rtentry2.o(.ARM.Collect$$rtentry$$00000002) for __rt_entry_presh_1
    __rtentry.o(.ARM.Collect$$rtentry$$00000000) refers (Special) to __rtentry4.o(.ARM.Collect$$rtentry$$00000004) for __rt_entry_sh
    __rtentry2.o(.ARM.Collect$$rtentry$$00000008) refers to boardinit2.o(.text) for _platform_post_stackheap_init
    __rtentry2.o(.ARM.Collect$$rtentry$$0000000A) refers to libinit.o(.ARM.Collect$$libinit$$00000000) for __rt_lib_init
    __rtentry2.o(.ARM.Collect$$rtentry$$0000000B) refers to boardinit3.o(.text) for _platform_post_lib_init
    __rtentry2.o(.ARM.Collect$$rtentry$$0000000D) refers to main.o(i.main) for main
    __rtentry2.o(.ARM.Collect$$rtentry$$0000000D) refers to exit.o(.text) for exit
    __rtentry2.o(.ARM.exidx) refers to __rtentry2.o(.ARM.Collect$$rtentry$$00000001) for .ARM.Collect$$rtentry$$00000001
    __rtentry2.o(.ARM.exidx) refers to __rtentry2.o(.ARM.Collect$$rtentry$$00000008) for .ARM.Collect$$rtentry$$00000008
    __rtentry2.o(.ARM.exidx) refers to __rtentry2.o(.ARM.Collect$$rtentry$$0000000A) for .ARM.Collect$$rtentry$$0000000A
    __rtentry2.o(.ARM.exidx) refers to __rtentry2.o(.ARM.Collect$$rtentry$$0000000B) for .ARM.Collect$$rtentry$$0000000B
    __rtentry2.o(.ARM.exidx) refers to __rtentry2.o(.ARM.Collect$$rtentry$$0000000D) for .ARM.Collect$$rtentry$$0000000D
    __rtentry4.o(.ARM.Collect$$rtentry$$00000004) refers to sys_stackheap_outer.o(.text) for __user_setup_stackheap
    __rtentry4.o(.ARM.exidx) refers to __rtentry4.o(.ARM.Collect$$rtentry$$00000004) for .ARM.Collect$$rtentry$$00000004
    sys_stackheap_outer.o(.text) refers to libspace.o(.text) for __user_perproc_libspace
    sys_stackheap_outer.o(.text) refers to startup_stm32f302x8.o(.text) for __user_initial_stackheap
    exit.o(.text) refers to rtexit.o(.ARM.Collect$$rtexit$$00000000) for __rt_exit
    libinit.o(.ARM.Collect$$libinit$$00000000) refers (Special) to libinit2.o(.ARM.Collect$$libinit$$0000002E) for __rt_lib_init_alloca_1
    libinit.o(.ARM.Collect$$libinit$$00000000) refers (Special) to libinit2.o(.ARM.Collect$$libinit$$0000002C) for __rt_lib_init_argv_1
    libinit.o(.ARM.Collect$$libinit$$00000000) refers (Special) to libinit2.o(.ARM.Collect$$libinit$$0000001B) for __rt_lib_init_atexit_1
    libinit.o(.ARM.Collect$$libinit$$00000000) refers (Special) to libinit2.o(.ARM.Collect$$libinit$$00000021) for __rt_lib_init_clock_1
    libinit.o(.ARM.Collect$$libinit$$00000000) refers (Special) to libinit2.o(.ARM.Collect$$libinit$$00000032) for __rt_lib_init_cpp_1
    libinit.o(.ARM.Collect$$libinit$$00000000) refers (Special) to libinit2.o(.ARM.Collect$$libinit$$00000030) for __rt_lib_init_exceptions_1
    libinit.o(.ARM.Collect$$libinit$$00000000) refers (Special) to libinit2.o(.ARM.Collect$$libinit$$00000001) for __rt_lib_init_fp_1
    libinit.o(.ARM.Collect$$libinit$$00000000) refers (Special) to libinit2.o(.ARM.Collect$$libinit$$0000001F) for __rt_lib_init_fp_trap_1
    libinit.o(.ARM.Collect$$libinit$$00000000) refers (Special) to libinit2.o(.ARM.Collect$$libinit$$00000023) for __rt_lib_init_getenv_1
    libinit.o(.ARM.Collect$$libinit$$00000000) refers (Special) to libinit2.o(.ARM.Collect$$libinit$$0000000A) for __rt_lib_init_heap_1
    libinit.o(.ARM.Collect$$libinit$$00000000) refers (Special) to libinit2.o(.ARM.Collect$$libinit$$00000011) for __rt_lib_init_lc_collate_1
    libinit.o(.ARM.Collect$$libinit$$00000000) refers (Special) to libinit2.o(.ARM.Collect$$libinit$$00000013) for __rt_lib_init_lc_ctype_1
    libinit.o(.ARM.Collect$$libinit$$00000000) refers (Special) to libinit2.o(.ARM.Collect$$libinit$$00000015) for __rt_lib_init_lc_monetary_1
    libinit.o(.ARM.Collect$$libinit$$00000000) refers (Special) to libinit2.o(.ARM.Collect$$libinit$$00000017) for __rt_lib_init_lc_numeric_1
    libinit.o(.ARM.Collect$$libinit$$00000000) refers (Special) to libinit2.o(.ARM.Collect$$libinit$$00000019) for __rt_lib_init_lc_time_1
    libinit.o(.ARM.Collect$$libinit$$00000000) refers (Special) to libinit2.o(.ARM.Collect$$libinit$$00000004) for __rt_lib_init_preinit_1
    libinit.o(.ARM.Collect$$libinit$$00000000) refers (Special) to libinit2.o(.ARM.Collect$$libinit$$0000000E) for __rt_lib_init_rand_1
    libinit.o(.ARM.Collect$$libinit$$00000000) refers (Special) to libinit2.o(.ARM.Collect$$libinit$$00000033) for __rt_lib_init_return
    libinit.o(.ARM.Collect$$libinit$$00000000) refers (Special) to libinit2.o(.ARM.Collect$$libinit$$0000001D) for __rt_lib_init_signal_1
    libinit.o(.ARM.Collect$$libinit$$00000000) refers (Special) to libinit2.o(.ARM.Collect$$libinit$$00000025) for __rt_lib_init_stdio_1
    libinit.o(.ARM.Collect$$libinit$$00000000) refers (Special) to libinit2.o(.ARM.Collect$$libinit$$0000000C) for __rt_lib_init_user_alloc_1
    libspace.o(.text) refers to libspace.o(.bss) for __libspace_start
    rtexit.o(.ARM.Collect$$rtexit$$00000000) refers (Special) to rtexit2.o(.ARM.Collect$$rtexit$$00000004) for __rt_exit_exit
    rtexit.o(.ARM.Collect$$rtexit$$00000000) refers (Special) to rtexit2.o(.ARM.Collect$$rtexit$$00000003) for __rt_exit_ls
    rtexit.o(.ARM.Collect$$rtexit$$00000000) refers (Special) to rtexit2.o(.ARM.Collect$$rtexit$$00000002) for __rt_exit_prels_1
    rtexit.o(.ARM.exidx) refers (Special) to rtexit2.o(.ARM.Collect$$rtexit$$00000004) for __rt_exit_exit
    rtexit.o(.ARM.exidx) refers (Special) to rtexit2.o(.ARM.Collect$$rtexit$$00000003) for __rt_exit_ls
    rtexit.o(.ARM.exidx) refers (Special) to rtexit2.o(.ARM.Collect$$rtexit$$00000002) for __rt_exit_prels_1
    rtexit.o(.ARM.exidx) refers to rtexit.o(.ARM.Collect$$rtexit$$00000000) for .ARM.Collect$$rtexit$$00000000
    libinit2.o(.ARM.Collect$$libinit$$00000001) refers to fpinit.o(x$fpl$fpinit) for _fp_init
    libinit2.o(.ARM.Collect$$libinit$$00000010) refers to libinit2.o(.ARM.Collect$$libinit$$0000000F) for .ARM.Collect$$libinit$$0000000F
    libinit2.o(.ARM.Collect$$libinit$$00000012) refers to libinit2.o(.ARM.Collect$$libinit$$0000000F) for .ARM.Collect$$libinit$$0000000F
    libinit2.o(.ARM.Collect$$libinit$$00000014) refers to libinit2.o(.ARM.Collect$$libinit$$0000000F) for .ARM.Collect$$libinit$$0000000F
    libinit2.o(.ARM.Collect$$libinit$$00000016) refers to libinit2.o(.ARM.Collect$$libinit$$0000000F) for .ARM.Collect$$libinit$$0000000F
    libinit2.o(.ARM.Collect$$libinit$$00000018) refers to libinit2.o(.ARM.Collect$$libinit$$0000000F) for .ARM.Collect$$libinit$$0000000F
    libinit2.o(.ARM.Collect$$libinit$$00000026) refers to argv_veneer.o(.emb_text) for __ARM_argv_veneer
    libinit2.o(.ARM.Collect$$libinit$$00000027) refers to argv_veneer.o(.emb_text) for __ARM_argv_veneer
    rtexit2.o(.ARM.Collect$$rtexit$$00000003) refers to libshutdown.o(.ARM.Collect$$libshutdown$$00000000) for __rt_lib_shutdown
    rtexit2.o(.ARM.Collect$$rtexit$$00000004) refers to sys_exit.o(.text) for _sys_exit
    rtexit2.o(.ARM.exidx) refers to rtexit2.o(.ARM.Collect$$rtexit$$00000001) for .ARM.Collect$$rtexit$$00000001
    rtexit2.o(.ARM.exidx) refers to rtexit2.o(.ARM.Collect$$rtexit$$00000003) for .ARM.Collect$$rtexit$$00000003
    rtexit2.o(.ARM.exidx) refers to rtexit2.o(.ARM.Collect$$rtexit$$00000004) for .ARM.Collect$$rtexit$$00000004
    argv_veneer.o(.emb_text) refers to no_argv.o(.text) for __ARM_get_argv
    sys_exit.o(.text) refers (Special) to use_no_semi.o(.text) for __I$use$semihosting
    sys_exit.o(.text) refers (Special) to indicate_semi.o(.text) for __semihosting_library_function
    _get_argv_nomalloc.o(.text) refers (Special) to hrguard.o(.text) for __heap_region$guard
    _get_argv_nomalloc.o(.text) refers to defsig_rtmem_outer.o(.text) for __rt_SIGRTMEM
    _get_argv_nomalloc.o(.text) refers to sys_command.o(.text) for _sys_command_string
    libshutdown.o(.ARM.Collect$$libshutdown$$00000000) refers (Special) to libshutdown2.o(.ARM.Collect$$libshutdown$$00000002) for __rt_lib_shutdown_cpp_1
    libshutdown.o(.ARM.Collect$$libshutdown$$00000000) refers (Special) to libshutdown2.o(.ARM.Collect$$libshutdown$$00000007) for __rt_lib_shutdown_fp_trap_1
    libshutdown.o(.ARM.Collect$$libshutdown$$00000000) refers (Special) to libshutdown2.o(.ARM.Collect$$libshutdown$$0000000F) for __rt_lib_shutdown_heap_1
    libshutdown.o(.ARM.Collect$$libshutdown$$00000000) refers (Special) to libshutdown2.o(.ARM.Collect$$libshutdown$$00000010) for __rt_lib_shutdown_return
    libshutdown.o(.ARM.Collect$$libshutdown$$00000000) refers (Special) to libshutdown2.o(.ARM.Collect$$libshutdown$$0000000A) for __rt_lib_shutdown_signal_1
    libshutdown.o(.ARM.Collect$$libshutdown$$00000000) refers (Special) to libshutdown2.o(.ARM.Collect$$libshutdown$$00000004) for __rt_lib_shutdown_stdio_1
    libshutdown.o(.ARM.Collect$$libshutdown$$00000000) refers (Special) to libshutdown2.o(.ARM.Collect$$libshutdown$$0000000C) for __rt_lib_shutdown_user_alloc_1
    sys_command.o(.text) refers (Special) to use_no_semi.o(.text) for __I$use$semihosting
    sys_command.o(.text) refers (Special) to indicate_semi.o(.text) for __semihosting_library_function
    defsig_rtmem_outer.o(.text) refers to defsig_rtmem_inner.o(.text) for __rt_SIGRTMEM_inner
    defsig_rtmem_outer.o(.text) refers to defsig_exit.o(.text) for __sig_exit
    defsig_rtmem_formal.o(.text) refers to rt_raise.o(.text) for __rt_raise
    rt_raise.o(.text) refers to __raise.o(.text) for __raise
    rt_raise.o(.text) refers to sys_exit.o(.text) for _sys_exit
    defsig_exit.o(.text) refers to sys_exit.o(.text) for _sys_exit
    defsig_rtmem_inner.o(.text) refers to defsig_general.o(.text) for __default_signal_display
    __raise.o(.text) refers to defsig.o(CL$$defsig) for __default_signal_handler
    defsig_general.o(.text) refers to sys_wrch.o(.text) for _ttywrch
    sys_wrch.o(.text) refers (Special) to use_no_semi.o(.text) for __I$use$semihosting
    sys_wrch.o(.text) refers (Special) to indicate_semi.o(.text) for __semihosting_library_function
    defsig.o(CL$$defsig) refers to defsig_rtmem_inner.o(.text) for __rt_SIGRTMEM_inner
    defsig_abrt_inner.o(.text) refers to defsig_general.o(.text) for __default_signal_display
    defsig_fpe_inner.o(.text) refers to defsig_general.o(.text) for __default_signal_display
    defsig_rtred_inner.o(.text) refers to defsig_general.o(.text) for __default_signal_display
    defsig_stak_inner.o(.text) refers to defsig_general.o(.text) for __default_signal_display
    defsig_pvfn_inner.o(.text) refers to defsig_general.o(.text) for __default_signal_display
    defsig_cppl_inner.o(.text) refers to defsig_general.o(.text) for __default_signal_display
    defsig_segv_inner.o(.text) refers to defsig_general.o(.text) for __default_signal_display
    defsig_other.o(.text) refers to defsig_general.o(.text) for __default_signal_display


==============================================================================

Removing Unused input sections from the image.

    Removing main.o(.rev16_text), (4 bytes).
    Removing main.o(.revsh_text), (4 bytes).
    Removing main.o(.rrx_text), (6 bytes).
    Removing led.o(.rev16_text), (4 bytes).
    Removing led.o(.revsh_text), (4 bytes).
    Removing led.o(.rrx_text), (6 bytes).
    Removing led.o(i.led_toggle), (24 bytes).
    Removing led.o(i.led_write), (36 bytes).
    Removing led.o(.constdata), (45 bytes).
    Removing delay.o(i.delay_ms), (24 bytes).
    Removing button.o(.rev16_text), (4 bytes).
    Removing button.o(.revsh_text), (4 bytes).
    Removing button.o(.rrx_text), (6 bytes).
    Removing button.o(i.button_read), (28 bytes).
    Removing adc.o(.rev16_text), (4 bytes).
    Removing adc.o(.revsh_text), (4 bytes).
    Removing adc.o(.rrx_text), (6 bytes).
    Removing adc.o(i.LL_ADC_Enable), (16 bytes).
    Removing adc.o(i.LL_ADC_EnableInternalRegulator), (28 bytes).
    Removing adc.o(i.LL_ADC_IsActiveFlag_ADRDY), (10 bytes).
    Removing adc.o(i.LL_ADC_REG_SetSequencerRanks), (60 bytes).
    Removing adc.o(i.LL_ADC_StartCalibration), (24 bytes).
    Removing adc.o(i.LL_AHB1_GRP1_EnableClock), (28 bytes).
    Removing adc.o(i.LL_RCC_SetADCClockSource), (20 bytes).
    Removing adc.o(i.__NVIC_EnableIRQ), (26 bytes).
    Removing adc.o(i.adc_config_pins), (44 bytes).
    Removing adc.o(i.adc_dma_config), (200 bytes).
    Removing adc.o(i.adc_injected_capture), (40 bytes).
    Removing adc.o(i.adc_injected_enableIRQ), (48 bytes).
    Removing adc.o(i.adc_injected_init), (212 bytes).
    Removing adc.o(i.adc_injected_read_rank), (72 bytes).
    Removing adc.o(i.adc_injected_waitUntilComplete), (30 bytes).
    Removing adc.o(i.adc_regular_capture), (40 bytes).
    Removing adc.o(i.adc_regular_enableIRQ), (48 bytes).
    Removing adc.o(i.adc_regular_init), (224 bytes).
    Removing adc.o(i.adc_regular_read), (12 bytes).
    Removing tim.o(.rev16_text), (4 bytes).
    Removing tim.o(.revsh_text), (4 bytes).
    Removing tim.o(.rrx_text), (6 bytes).
    Removing stm32f3xx_ll_adc.o(.rev16_text), (4 bytes).
    Removing stm32f3xx_ll_adc.o(.revsh_text), (4 bytes).
    Removing stm32f3xx_ll_adc.o(.rrx_text), (6 bytes).
    Removing stm32f3xx_ll_adc.o(i.LL_ADC_CommonDeInit), (40 bytes).
    Removing stm32f3xx_ll_adc.o(i.LL_ADC_CommonInit), (40 bytes).
    Removing stm32f3xx_ll_adc.o(i.LL_ADC_CommonStructInit), (8 bytes).
    Removing stm32f3xx_ll_adc.o(i.LL_ADC_DeInit), (500 bytes).
    Removing stm32f3xx_ll_adc.o(i.LL_ADC_INJ_Init), (80 bytes).
    Removing stm32f3xx_ll_adc.o(i.LL_ADC_INJ_IsStopConversionOngoing), (10 bytes).
    Removing stm32f3xx_ll_adc.o(i.LL_ADC_INJ_StructInit), (12 bytes).
    Removing stm32f3xx_ll_adc.o(i.LL_ADC_Init), (46 bytes).
    Removing stm32f3xx_ll_adc.o(i.LL_ADC_IsEnabled), (10 bytes).
    Removing stm32f3xx_ll_adc.o(i.LL_ADC_REG_Init), (108 bytes).
    Removing stm32f3xx_ll_adc.o(i.LL_ADC_REG_IsStopConversionOngoing), (10 bytes).
    Removing stm32f3xx_ll_adc.o(i.LL_ADC_REG_StructInit), (20 bytes).
    Removing stm32f3xx_ll_adc.o(i.LL_ADC_StructInit), (10 bytes).
    Removing stm32f3xx_ll_comp.o(.rev16_text), (4 bytes).
    Removing stm32f3xx_ll_comp.o(.revsh_text), (4 bytes).
    Removing stm32f3xx_ll_comp.o(.rrx_text), (6 bytes).
    Removing stm32f3xx_ll_comp.o(i.LL_COMP_DeInit), (22 bytes).
    Removing stm32f3xx_ll_comp.o(i.LL_COMP_Init), (48 bytes).
    Removing stm32f3xx_ll_comp.o(i.LL_COMP_StructInit), (22 bytes).
    Removing stm32f3xx_ll_crc.o(.rev16_text), (4 bytes).
    Removing stm32f3xx_ll_crc.o(.revsh_text), (4 bytes).
    Removing stm32f3xx_ll_crc.o(.rrx_text), (6 bytes).
    Removing stm32f3xx_ll_crc.o(i.LL_CRC_DeInit), (100 bytes).
    Removing stm32f3xx_ll_dac.o(.rev16_text), (4 bytes).
    Removing stm32f3xx_ll_dac.o(.revsh_text), (4 bytes).
    Removing stm32f3xx_ll_dac.o(.rrx_text), (6 bytes).
    Removing stm32f3xx_ll_dac.o(i.LL_DAC_DeInit), (52 bytes).
    Removing stm32f3xx_ll_dac.o(i.LL_DAC_Init), (126 bytes).
    Removing stm32f3xx_ll_dac.o(i.LL_DAC_StructInit), (14 bytes).
    Removing stm32f3xx_ll_dma.o(.rev16_text), (4 bytes).
    Removing stm32f3xx_ll_dma.o(.revsh_text), (4 bytes).
    Removing stm32f3xx_ll_dma.o(.rrx_text), (6 bytes).
    Removing stm32f3xx_ll_dma.o(i.LL_DMA_DeInit), (252 bytes).
    Removing stm32f3xx_ll_dma.o(i.LL_DMA_Init), (120 bytes).
    Removing stm32f3xx_ll_dma.o(i.LL_DMA_StructInit), (24 bytes).
    Removing stm32f3xx_ll_dma.o(.constdata), (7 bytes).
    Removing stm32f3xx_ll_exti.o(.rev16_text), (4 bytes).
    Removing stm32f3xx_ll_exti.o(.revsh_text), (4 bytes).
    Removing stm32f3xx_ll_exti.o(.rrx_text), (6 bytes).
    Removing stm32f3xx_ll_exti.o(i.LL_EXTI_DeInit), (80 bytes).
    Removing stm32f3xx_ll_exti.o(i.LL_EXTI_DisableEvent_0_31), (16 bytes).
    Removing stm32f3xx_ll_exti.o(i.LL_EXTI_DisableEvent_32_63), (16 bytes).
    Removing stm32f3xx_ll_exti.o(i.LL_EXTI_DisableIT_0_31), (16 bytes).
    Removing stm32f3xx_ll_exti.o(i.LL_EXTI_DisableIT_32_63), (16 bytes).
    Removing stm32f3xx_ll_exti.o(i.LL_EXTI_EnableEvent_0_31), (16 bytes).
    Removing stm32f3xx_ll_exti.o(i.LL_EXTI_EnableEvent_32_63), (16 bytes).
    Removing stm32f3xx_ll_exti.o(i.LL_EXTI_EnableFallingTrig_0_31), (16 bytes).
    Removing stm32f3xx_ll_exti.o(i.LL_EXTI_EnableFallingTrig_32_63), (16 bytes).
    Removing stm32f3xx_ll_exti.o(i.LL_EXTI_EnableIT_0_31), (16 bytes).
    Removing stm32f3xx_ll_exti.o(i.LL_EXTI_EnableIT_32_63), (16 bytes).
    Removing stm32f3xx_ll_exti.o(i.LL_EXTI_EnableRisingTrig_0_31), (16 bytes).
    Removing stm32f3xx_ll_exti.o(i.LL_EXTI_EnableRisingTrig_32_63), (16 bytes).
    Removing stm32f3xx_ll_exti.o(i.LL_EXTI_Init), (364 bytes).
    Removing stm32f3xx_ll_exti.o(i.LL_EXTI_StructInit), (16 bytes).
    Removing stm32f3xx_ll_gpio.o(.rev16_text), (4 bytes).
    Removing stm32f3xx_ll_gpio.o(.revsh_text), (4 bytes).
    Removing stm32f3xx_ll_gpio.o(.rrx_text), (6 bytes).
    Removing stm32f3xx_ll_gpio.o(i.LL_AHB1_GRP1_ForceReset), (16 bytes).
    Removing stm32f3xx_ll_gpio.o(i.LL_AHB1_GRP1_ReleaseReset), (16 bytes).
    Removing stm32f3xx_ll_gpio.o(i.LL_GPIO_DeInit), (136 bytes).
    Removing stm32f3xx_ll_hrtim.o(.rev16_text), (4 bytes).
    Removing stm32f3xx_ll_hrtim.o(.revsh_text), (4 bytes).
    Removing stm32f3xx_ll_hrtim.o(.rrx_text), (6 bytes).
    Removing stm32f3xx_ll_i2c.o(.rev16_text), (4 bytes).
    Removing stm32f3xx_ll_i2c.o(.revsh_text), (4 bytes).
    Removing stm32f3xx_ll_i2c.o(.rrx_text), (6 bytes).
    Removing stm32f3xx_ll_i2c.o(i.LL_APB1_GRP1_ForceReset), (16 bytes).
    Removing stm32f3xx_ll_i2c.o(i.LL_APB1_GRP1_ReleaseReset), (16 bytes).
    Removing stm32f3xx_ll_i2c.o(i.LL_I2C_DeInit), (92 bytes).
    Removing stm32f3xx_ll_i2c.o(i.LL_I2C_Init), (136 bytes).
    Removing stm32f3xx_ll_i2c.o(i.LL_I2C_StructInit), (24 bytes).
    Removing stm32f3xx_ll_opamp.o(.rev16_text), (4 bytes).
    Removing stm32f3xx_ll_opamp.o(.revsh_text), (4 bytes).
    Removing stm32f3xx_ll_opamp.o(.rrx_text), (6 bytes).
    Removing stm32f3xx_ll_opamp.o(i.LL_OPAMP_DeInit), (22 bytes).
    Removing stm32f3xx_ll_opamp.o(i.LL_OPAMP_Init), (76 bytes).
    Removing stm32f3xx_ll_opamp.o(i.LL_OPAMP_StructInit), (14 bytes).
    Removing stm32f3xx_ll_pwr.o(.rev16_text), (4 bytes).
    Removing stm32f3xx_ll_pwr.o(.revsh_text), (4 bytes).
    Removing stm32f3xx_ll_pwr.o(.rrx_text), (6 bytes).
    Removing stm32f3xx_ll_pwr.o(i.LL_PWR_DeInit), (36 bytes).
    Removing stm32f3xx_ll_rcc.o(.rev16_text), (4 bytes).
    Removing stm32f3xx_ll_rcc.o(.revsh_text), (4 bytes).
    Removing stm32f3xx_ll_rcc.o(.rrx_text), (6 bytes).
    Removing stm32f3xx_ll_rcc.o(i.LL_RCC_DeInit), (112 bytes).
    Removing stm32f3xx_ll_rcc.o(i.LL_RCC_GetADCClockFreq), (96 bytes).
    Removing stm32f3xx_ll_rcc.o(i.LL_RCC_GetI2CClockFreq), (152 bytes).
    Removing stm32f3xx_ll_rcc.o(i.LL_RCC_GetI2CClockSource), (20 bytes).
    Removing stm32f3xx_ll_rcc.o(i.LL_RCC_GetI2SClockFreq), (52 bytes).
    Removing stm32f3xx_ll_rcc.o(i.LL_RCC_GetSystemClocksFreq), (36 bytes).
    Removing stm32f3xx_ll_rcc.o(i.LL_RCC_GetTIMClockFreq), (176 bytes).
    Removing stm32f3xx_ll_rcc.o(i.LL_RCC_GetTIMClockSource), (24 bytes).
    Removing stm32f3xx_ll_rcc.o(i.LL_RCC_GetUSARTClockFreq), (116 bytes).
    Removing stm32f3xx_ll_rcc.o(i.LL_RCC_GetUSBClockFreq), (68 bytes).
    Removing stm32f3xx_ll_rcc.o(i.LL_RCC_HSI_IsReady), (16 bytes).
    Removing stm32f3xx_ll_rcc.o(i.LL_RCC_PLL_IsReady), (16 bytes).
    Removing stm32f3xx_ll_rcc.o(i.RCC_GetHCLKClockFreq), (32 bytes).
    Removing stm32f3xx_ll_rcc.o(i.RCC_GetPCLK1ClockFreq), (36 bytes).
    Removing stm32f3xx_ll_rcc.o(i.RCC_GetPCLK2ClockFreq), (36 bytes).
    Removing stm32f3xx_ll_rcc.o(i.RCC_GetSystemClockFreq), (60 bytes).
    Removing stm32f3xx_ll_rcc.o(i.RCC_PLL_GetFreqDomain_SYS), (104 bytes).
    Removing stm32f3xx_ll_rcc.o(.constdata), (32 bytes).
    Removing stm32f3xx_ll_rtc.o(.rev16_text), (4 bytes).
    Removing stm32f3xx_ll_rtc.o(.revsh_text), (4 bytes).
    Removing stm32f3xx_ll_rtc.o(.rrx_text), (6 bytes).
    Removing stm32f3xx_ll_rtc.o(i.LL_RTC_ALMA_ConfigTime), (72 bytes).
    Removing stm32f3xx_ll_rtc.o(i.LL_RTC_ALMA_Init), (302 bytes).
    Removing stm32f3xx_ll_rtc.o(i.LL_RTC_ALMA_SetDay), (26 bytes).
    Removing stm32f3xx_ll_rtc.o(i.LL_RTC_ALMA_StructInit), (22 bytes).
    Removing stm32f3xx_ll_rtc.o(i.LL_RTC_ALMB_ConfigTime), (72 bytes).
    Removing stm32f3xx_ll_rtc.o(i.LL_RTC_ALMB_Init), (302 bytes).
    Removing stm32f3xx_ll_rtc.o(i.LL_RTC_ALMB_SetDay), (36 bytes).
    Removing stm32f3xx_ll_rtc.o(i.LL_RTC_ALMB_StructInit), (22 bytes).
    Removing stm32f3xx_ll_rtc.o(i.LL_RTC_DATE_Config), (72 bytes).
    Removing stm32f3xx_ll_rtc.o(i.LL_RTC_DATE_Init), (220 bytes).
    Removing stm32f3xx_ll_rtc.o(i.LL_RTC_DATE_StructInit), (14 bytes).
    Removing stm32f3xx_ll_rtc.o(i.LL_RTC_DeInit), (88 bytes).
    Removing stm32f3xx_ll_rtc.o(i.LL_RTC_DisableInitMode), (8 bytes).
    Removing stm32f3xx_ll_rtc.o(i.LL_RTC_DisableWriteProtection), (10 bytes).
    Removing stm32f3xx_ll_rtc.o(i.LL_RTC_EnableWriteProtection), (6 bytes).
    Removing stm32f3xx_ll_rtc.o(i.LL_RTC_EnterInitMode), (80 bytes).
    Removing stm32f3xx_ll_rtc.o(i.LL_RTC_ExitInitMode), (14 bytes).
    Removing stm32f3xx_ll_rtc.o(i.LL_RTC_GetHourFormat), (10 bytes).
    Removing stm32f3xx_ll_rtc.o(i.LL_RTC_Init), (84 bytes).
    Removing stm32f3xx_ll_rtc.o(i.LL_RTC_IsActiveFlag_INIT), (10 bytes).
    Removing stm32f3xx_ll_rtc.o(i.LL_RTC_IsActiveFlag_RS), (10 bytes).
    Removing stm32f3xx_ll_rtc.o(i.LL_RTC_IsShadowRegBypassEnabled), (10 bytes).
    Removing stm32f3xx_ll_rtc.o(i.LL_RTC_StructInit), (14 bytes).
    Removing stm32f3xx_ll_rtc.o(i.LL_RTC_TIME_Config), (72 bytes).
    Removing stm32f3xx_ll_rtc.o(i.LL_RTC_TIME_Init), (228 bytes).
    Removing stm32f3xx_ll_rtc.o(i.LL_RTC_TIME_StructInit), (12 bytes).
    Removing stm32f3xx_ll_rtc.o(i.LL_RTC_WaitForSynchro), (134 bytes).
    Removing stm32f3xx_ll_rtc.o(i.LL_SYSTICK_IsActiveCounterFlag), (12 bytes).
    Removing stm32f3xx_ll_spi.o(.rev16_text), (4 bytes).
    Removing stm32f3xx_ll_spi.o(.revsh_text), (4 bytes).
    Removing stm32f3xx_ll_spi.o(.rrx_text), (6 bytes).
    Removing stm32f3xx_ll_spi.o(i.LL_APB1_GRP1_ForceReset), (16 bytes).
    Removing stm32f3xx_ll_spi.o(i.LL_APB1_GRP1_ReleaseReset), (16 bytes).
    Removing stm32f3xx_ll_spi.o(i.LL_I2S_ConfigPrescaler), (18 bytes).
    Removing stm32f3xx_ll_spi.o(i.LL_I2S_DeInit), (12 bytes).
    Removing stm32f3xx_ll_spi.o(i.LL_I2S_Init), (204 bytes).
    Removing stm32f3xx_ll_spi.o(i.LL_I2S_InitFullDuplex), (96 bytes).
    Removing stm32f3xx_ll_spi.o(i.LL_I2S_IsEnabled), (10 bytes).
    Removing stm32f3xx_ll_spi.o(i.LL_I2S_StructInit), (20 bytes).
    Removing stm32f3xx_ll_spi.o(i.LL_SPI_DeInit), (60 bytes).
    Removing stm32f3xx_ll_spi.o(i.LL_SPI_Init), (110 bytes).
    Removing stm32f3xx_ll_spi.o(i.LL_SPI_StructInit), (32 bytes).
    Removing stm32f3xx_ll_tim.o(.rev16_text), (4 bytes).
    Removing stm32f3xx_ll_tim.o(.revsh_text), (4 bytes).
    Removing stm32f3xx_ll_tim.o(.rrx_text), (6 bytes).
    Removing stm32f3xx_ll_tim.o(i.IC1Config), (52 bytes).
    Removing stm32f3xx_ll_tim.o(i.IC2Config), (56 bytes).
    Removing stm32f3xx_ll_tim.o(i.IC3Config), (58 bytes).
    Removing stm32f3xx_ll_tim.o(i.IC4Config), (58 bytes).
    Removing stm32f3xx_ll_tim.o(i.LL_APB1_GRP1_ForceReset), (16 bytes).
    Removing stm32f3xx_ll_tim.o(i.LL_APB1_GRP1_ReleaseReset), (16 bytes).
    Removing stm32f3xx_ll_tim.o(i.LL_APB2_GRP1_ForceReset), (16 bytes).
    Removing stm32f3xx_ll_tim.o(i.LL_APB2_GRP1_ReleaseReset), (16 bytes).
    Removing stm32f3xx_ll_tim.o(i.LL_TIM_BDTR_Init), (140 bytes).
    Removing stm32f3xx_ll_tim.o(i.LL_TIM_BDTR_StructInit), (26 bytes).
    Removing stm32f3xx_ll_tim.o(i.LL_TIM_DeInit), (164 bytes).
    Removing stm32f3xx_ll_tim.o(i.LL_TIM_ENCODER_Init), (108 bytes).
    Removing stm32f3xx_ll_tim.o(i.LL_TIM_ENCODER_StructInit), (36 bytes).
    Removing stm32f3xx_ll_tim.o(i.LL_TIM_HALLSENSOR_Init), (136 bytes).
    Removing stm32f3xx_ll_tim.o(i.LL_TIM_HALLSENSOR_StructInit), (12 bytes).
    Removing stm32f3xx_ll_tim.o(i.LL_TIM_IC_Init), (92 bytes).
    Removing stm32f3xx_ll_tim.o(i.LL_TIM_IC_StructInit), (18 bytes).
    Removing stm32f3xx_ll_tim.o(.constdata), (45 bytes).
    Removing stm32f3xx_ll_usart.o(.rev16_text), (4 bytes).
    Removing stm32f3xx_ll_usart.o(.revsh_text), (4 bytes).
    Removing stm32f3xx_ll_usart.o(.rrx_text), (6 bytes).
    Removing stm32f3xx_ll_usart.o(i.LL_APB1_GRP1_ForceReset), (16 bytes).
    Removing stm32f3xx_ll_usart.o(i.LL_APB1_GRP1_ReleaseReset), (16 bytes).
    Removing stm32f3xx_ll_usart.o(i.LL_USART_ClockInit), (66 bytes).
    Removing stm32f3xx_ll_usart.o(i.LL_USART_ClockStructInit), (12 bytes).
    Removing stm32f3xx_ll_usart.o(i.LL_USART_DeInit), (112 bytes).
    Removing stm32f3xx_ll_usart.o(i.LL_USART_Init), (228 bytes).
    Removing stm32f3xx_ll_usart.o(i.LL_USART_IsEnabled), (10 bytes).
    Removing stm32f3xx_ll_usart.o(i.LL_USART_StructInit), (26 bytes).
    Removing stm32f3xx_ll_utils.o(.rev16_text), (4 bytes).
    Removing stm32f3xx_ll_utils.o(.revsh_text), (4 bytes).
    Removing stm32f3xx_ll_utils.o(.rrx_text), (6 bytes).
    Removing stm32f3xx_ll_utils.o(i.LL_Init1msTick), (28 bytes).
    Removing stm32f3xx_ll_utils.o(i.LL_PLL_ConfigSystemClock_HSE), (152 bytes).
    Removing stm32f3xx_ll_utils.o(i.LL_PLL_ConfigSystemClock_HSI), (104 bytes).
    Removing stm32f3xx_ll_utils.o(i.LL_RCC_HSE_IsReady), (16 bytes).
    Removing stm32f3xx_ll_utils.o(i.LL_RCC_HSI_IsReady), (16 bytes).
    Removing stm32f3xx_ll_utils.o(i.LL_RCC_PLL_ConfigDomain_SYS), (36 bytes).
    Removing stm32f3xx_ll_utils.o(i.LL_RCC_PLL_IsReady), (16 bytes).
    Removing stm32f3xx_ll_utils.o(i.LL_SetSystemCoreClock), (12 bytes).
    Removing stm32f3xx_ll_utils.o(i.LL_mDelay), (40 bytes).
    Removing stm32f3xx_ll_utils.o(i.UTILS_EnablePLLAndSwitchSystem), (228 bytes).
    Removing stm32f3xx_ll_utils.o(i.UTILS_GetPLLOutputFrequency), (42 bytes).
    Removing stm32f3xx_ll_utils.o(i.UTILS_PLL_IsBusy), (16 bytes).
    Removing stm32f3xx_ll_utils.o(i.UTILS_SetFlashLatency), (80 bytes).
    Removing system_stm32f3xx.o(.rev16_text), (4 bytes).
    Removing system_stm32f3xx.o(.revsh_text), (4 bytes).
    Removing system_stm32f3xx.o(.rrx_text), (6 bytes).
    Removing system_stm32f3xx.o(i.SystemCoreClockUpdate), (160 bytes).
    Removing system_stm32f3xx.o(.constdata), (24 bytes).
    Removing system_stm32f3xx.o(.data), (4 bytes).

243 unused section(s) (total 10859 bytes) removed from the image.

==============================================================================

Image Symbol Table

    Local Symbols

    Symbol Name                              Value     Ov Type        Size  Object(Section)

    ../clib/angel/boardlib.s                 0x00000000   Number         0  boardinit2.o ABSOLUTE
    ../clib/angel/boardlib.s                 0x00000000   Number         0  boardinit1.o ABSOLUTE
    ../clib/angel/boardlib.s                 0x00000000   Number         0  boardinit3.o ABSOLUTE
    ../clib/angel/boardlib.s                 0x00000000   Number         0  boardshut.o ABSOLUTE
    ../clib/angel/handlers.s                 0x00000000   Number         0  __scatter_zi.o ABSOLUTE
    ../clib/angel/handlers.s                 0x00000000   Number         0  __scatter_copy.o ABSOLUTE
    ../clib/angel/kernel.s                   0x00000000   Number         0  __rtentry.o ABSOLUTE
    ../clib/angel/kernel.s                   0x00000000   Number         0  __rtentry2.o ABSOLUTE
    ../clib/angel/kernel.s                   0x00000000   Number         0  __rtentry4.o ABSOLUTE
    ../clib/angel/kernel.s                   0x00000000   Number         0  rtexit.o ABSOLUTE
    ../clib/angel/kernel.s                   0x00000000   Number         0  rtexit2.o ABSOLUTE
    ../clib/angel/rt.s                       0x00000000   Number         0  rt_raise.o ABSOLUTE
    ../clib/angel/scatter.s                  0x00000000   Number         0  __scatter.o ABSOLUTE
    ../clib/angel/startup.s                  0x00000000   Number         0  __main.o ABSOLUTE
    ../clib/angel/sys.s                      0x00000000   Number         0  libspace.o ABSOLUTE
    ../clib/angel/sys.s                      0x00000000   Number         0  indicate_semi.o ABSOLUTE
    ../clib/angel/sys.s                      0x00000000   Number         0  sys_stackheap_outer.o ABSOLUTE
    ../clib/angel/sys.s                      0x00000000   Number         0  use_no_semi.o ABSOLUTE
    ../clib/angel/sysapp.c                   0x00000000   Number         0  sys_exit.o ABSOLUTE
    ../clib/angel/sysapp.c                   0x00000000   Number         0  sys_wrch.o ABSOLUTE
    ../clib/angel/sysapp.c                   0x00000000   Number         0  sys_command.o ABSOLUTE
    ../clib/armsys.c                         0x00000000   Number         0  no_argv.o ABSOLUTE
    ../clib/armsys.c                         0x00000000   Number         0  argv_veneer.o ABSOLUTE
    ../clib/armsys.c                         0x00000000   Number         0  _get_argv_nomalloc.o ABSOLUTE
    ../clib/armsys.c                         0x00000000   Number         0  argv_veneer.o ABSOLUTE
    ../clib/heapalloc.c                      0x00000000   Number         0  hrguard.o ABSOLUTE
    ../clib/heapaux.c                        0x00000000   Number         0  heapauxi.o ABSOLUTE
    ../clib/libinit.s                        0x00000000   Number         0  libshutdown2.o ABSOLUTE
    ../clib/libinit.s                        0x00000000   Number         0  libinit.o ABSOLUTE
    ../clib/libinit.s                        0x00000000   Number         0  libinit2.o ABSOLUTE
    ../clib/libinit.s                        0x00000000   Number         0  libshutdown.o ABSOLUTE
    ../clib/signal.c                         0x00000000   Number         0  __raise.o ABSOLUTE
    ../clib/signal.c                         0x00000000   Number         0  defsig_rtmem_inner.o ABSOLUTE
    ../clib/signal.c                         0x00000000   Number         0  defsig_exit.o ABSOLUTE
    ../clib/signal.c                         0x00000000   Number         0  defsig_stak_inner.o ABSOLUTE
    ../clib/signal.c                         0x00000000   Number         0  defsig_abrt_inner.o ABSOLUTE
    ../clib/signal.c                         0x00000000   Number         0  defsig_rtmem_formal.o ABSOLUTE
    ../clib/signal.c                         0x00000000   Number         0  defsig_rtmem_outer.o ABSOLUTE
    ../clib/signal.c                         0x00000000   Number         0  defsig_pvfn_inner.o ABSOLUTE
    ../clib/signal.c                         0x00000000   Number         0  defsig_segv_inner.o ABSOLUTE
    ../clib/signal.c                         0x00000000   Number         0  defsig_other.o ABSOLUTE
    ../clib/signal.c                         0x00000000   Number         0  defsig_fpe_inner.o ABSOLUTE
    ../clib/signal.c                         0x00000000   Number         0  defsig_cppl_inner.o ABSOLUTE
    ../clib/signal.c                         0x00000000   Number         0  defsig_rtred_inner.o ABSOLUTE
    ../clib/signal.c                         0x00000000   Number         0  defsig_general.o ABSOLUTE
    ../clib/signal.s                         0x00000000   Number         0  defsig.o ABSOLUTE
    ../clib/stdlib.c                         0x00000000   Number         0  exit.o ABSOLUTE
    ../fplib/fpinit.s                        0x00000000   Number         0  fpinit.o ABSOLUTE
    ..\Drivers\STM32F3xx_HAL_Driver\Src\stm32f3xx_ll_adc.c 0x00000000   Number         0  stm32f3xx_ll_adc.o ABSOLUTE
    ..\Drivers\STM32F3xx_HAL_Driver\Src\stm32f3xx_ll_comp.c 0x00000000   Number         0  stm32f3xx_ll_comp.o ABSOLUTE
    ..\Drivers\STM32F3xx_HAL_Driver\Src\stm32f3xx_ll_crc.c 0x00000000   Number         0  stm32f3xx_ll_crc.o ABSOLUTE
    ..\Drivers\STM32F3xx_HAL_Driver\Src\stm32f3xx_ll_dac.c 0x00000000   Number         0  stm32f3xx_ll_dac.o ABSOLUTE
    ..\Drivers\STM32F3xx_HAL_Driver\Src\stm32f3xx_ll_dma.c 0x00000000   Number         0  stm32f3xx_ll_dma.o ABSOLUTE
    ..\Drivers\STM32F3xx_HAL_Driver\Src\stm32f3xx_ll_exti.c 0x00000000   Number         0  stm32f3xx_ll_exti.o ABSOLUTE
    ..\Drivers\STM32F3xx_HAL_Driver\Src\stm32f3xx_ll_gpio.c 0x00000000   Number         0  stm32f3xx_ll_gpio.o ABSOLUTE
    ..\Drivers\STM32F3xx_HAL_Driver\Src\stm32f3xx_ll_hrtim.c 0x00000000   Number         0  stm32f3xx_ll_hrtim.o ABSOLUTE
    ..\Drivers\STM32F3xx_HAL_Driver\Src\stm32f3xx_ll_i2c.c 0x00000000   Number         0  stm32f3xx_ll_i2c.o ABSOLUTE
    ..\Drivers\STM32F3xx_HAL_Driver\Src\stm32f3xx_ll_opamp.c 0x00000000   Number         0  stm32f3xx_ll_opamp.o ABSOLUTE
    ..\Drivers\STM32F3xx_HAL_Driver\Src\stm32f3xx_ll_pwr.c 0x00000000   Number         0  stm32f3xx_ll_pwr.o ABSOLUTE
    ..\Drivers\STM32F3xx_HAL_Driver\Src\stm32f3xx_ll_rcc.c 0x00000000   Number         0  stm32f3xx_ll_rcc.o ABSOLUTE
    ..\Drivers\STM32F3xx_HAL_Driver\Src\stm32f3xx_ll_rtc.c 0x00000000   Number         0  stm32f3xx_ll_rtc.o ABSOLUTE
    ..\Drivers\STM32F3xx_HAL_Driver\Src\stm32f3xx_ll_spi.c 0x00000000   Number         0  stm32f3xx_ll_spi.o ABSOLUTE
    ..\Drivers\STM32F3xx_HAL_Driver\Src\stm32f3xx_ll_tim.c 0x00000000   Number         0  stm32f3xx_ll_tim.o ABSOLUTE
    ..\Drivers\STM32F3xx_HAL_Driver\Src\stm32f3xx_ll_usart.c 0x00000000   Number         0  stm32f3xx_ll_usart.o ABSOLUTE
    ..\Drivers\STM32F3xx_HAL_Driver\Src\stm32f3xx_ll_utils.c 0x00000000   Number         0  stm32f3xx_ll_utils.o ABSOLUTE
    ..\Source\adc.c                          0x00000000   Number         0  adc.o ABSOLUTE
    ..\Source\button.c                       0x00000000   Number         0  button.o ABSOLUTE
    ..\Source\delay.c                        0x00000000   Number         0  delay.o ABSOLUTE
    ..\Source\gpio.c                         0x00000000   Number         0  gpio.o ABSOLUTE
    ..\Source\led.c                          0x00000000   Number         0  led.o ABSOLUTE
    ..\Source\main.c                         0x00000000   Number         0  main.o ABSOLUTE
    ..\Source\tim.c                          0x00000000   Number         0  tim.o ABSOLUTE
    ..\\Drivers\\STM32F3xx_HAL_Driver\\Src\\stm32f3xx_ll_adc.c 0x00000000   Number         0  stm32f3xx_ll_adc.o ABSOLUTE
    ..\\Drivers\\STM32F3xx_HAL_Driver\\Src\\stm32f3xx_ll_comp.c 0x00000000   Number         0  stm32f3xx_ll_comp.o ABSOLUTE
    ..\\Drivers\\STM32F3xx_HAL_Driver\\Src\\stm32f3xx_ll_crc.c 0x00000000   Number         0  stm32f3xx_ll_crc.o ABSOLUTE
    ..\\Drivers\\STM32F3xx_HAL_Driver\\Src\\stm32f3xx_ll_dac.c 0x00000000   Number         0  stm32f3xx_ll_dac.o ABSOLUTE
    ..\\Drivers\\STM32F3xx_HAL_Driver\\Src\\stm32f3xx_ll_dma.c 0x00000000   Number         0  stm32f3xx_ll_dma.o ABSOLUTE
    ..\\Drivers\\STM32F3xx_HAL_Driver\\Src\\stm32f3xx_ll_exti.c 0x00000000   Number         0  stm32f3xx_ll_exti.o ABSOLUTE
    ..\\Drivers\\STM32F3xx_HAL_Driver\\Src\\stm32f3xx_ll_gpio.c 0x00000000   Number         0  stm32f3xx_ll_gpio.o ABSOLUTE
    ..\\Drivers\\STM32F3xx_HAL_Driver\\Src\\stm32f3xx_ll_hrtim.c 0x00000000   Number         0  stm32f3xx_ll_hrtim.o ABSOLUTE
    ..\\Drivers\\STM32F3xx_HAL_Driver\\Src\\stm32f3xx_ll_i2c.c 0x00000000   Number         0  stm32f3xx_ll_i2c.o ABSOLUTE
    ..\\Drivers\\STM32F3xx_HAL_Driver\\Src\\stm32f3xx_ll_opamp.c 0x00000000   Number         0  stm32f3xx_ll_opamp.o ABSOLUTE
    ..\\Drivers\\STM32F3xx_HAL_Driver\\Src\\stm32f3xx_ll_pwr.c 0x00000000   Number         0  stm32f3xx_ll_pwr.o ABSOLUTE
    ..\\Drivers\\STM32F3xx_HAL_Driver\\Src\\stm32f3xx_ll_rcc.c 0x00000000   Number         0  stm32f3xx_ll_rcc.o ABSOLUTE
    ..\\Drivers\\STM32F3xx_HAL_Driver\\Src\\stm32f3xx_ll_rtc.c 0x00000000   Number         0  stm32f3xx_ll_rtc.o ABSOLUTE
    ..\\Drivers\\STM32F3xx_HAL_Driver\\Src\\stm32f3xx_ll_spi.c 0x00000000   Number         0  stm32f3xx_ll_spi.o ABSOLUTE
    ..\\Drivers\\STM32F3xx_HAL_Driver\\Src\\stm32f3xx_ll_tim.c 0x00000000   Number         0  stm32f3xx_ll_tim.o ABSOLUTE
    ..\\Drivers\\STM32F3xx_HAL_Driver\\Src\\stm32f3xx_ll_usart.c 0x00000000   Number         0  stm32f3xx_ll_usart.o ABSOLUTE
    ..\\Drivers\\STM32F3xx_HAL_Driver\\Src\\stm32f3xx_ll_utils.c 0x00000000   Number         0  stm32f3xx_ll_utils.o ABSOLUTE
    ..\\Source\\adc.c                        0x00000000   Number         0  adc.o ABSOLUTE
    ..\\Source\\button.c                     0x00000000   Number         0  button.o ABSOLUTE
    ..\\Source\\led.c                        0x00000000   Number         0  led.o ABSOLUTE
    ..\\Source\\main.c                       0x00000000   Number         0  main.o ABSOLUTE
    ..\\Source\\tim.c                        0x00000000   Number         0  tim.o ABSOLUTE
    RTE\Device\STM32F302R8\startup_stm32f302x8.s 0x00000000   Number         0  startup_stm32f302x8.o ABSOLUTE
    RTE\Device\STM32F302R8\system_stm32f3xx.c 0x00000000   Number         0  system_stm32f3xx.o ABSOLUTE
    RTE\\Device\\STM32F302R8\\system_stm32f3xx.c 0x00000000   Number         0  system_stm32f3xx.o ABSOLUTE
    dc.s                                     0x00000000   Number         0  dc.o ABSOLUTE
    RESET                                    0x08000000   Section      392  startup_stm32f302x8.o(RESET)
    !!!main                                  0x08000188   Section        8  __main.o(!!!main)
    !!!scatter                               0x08000190   Section       52  __scatter.o(!!!scatter)
    !!handler_copy                           0x080001c4   Section       26  __scatter_copy.o(!!handler_copy)
    !!handler_zi                             0x080001e0   Section       28  __scatter_zi.o(!!handler_zi)
    .ARM.Collect$$libinit$$00000000          0x080001fc   Section        2  libinit.o(.ARM.Collect$$libinit$$00000000)
    .ARM.Collect$$libinit$$00000001          0x080001fe   Section        4  libinit2.o(.ARM.Collect$$libinit$$00000001)
    .ARM.Collect$$libinit$$00000004          0x08000202   Section        0  libinit2.o(.ARM.Collect$$libinit$$00000004)
    .ARM.Collect$$libinit$$0000000A          0x08000202   Section        0  libinit2.o(.ARM.Collect$$libinit$$0000000A)
    .ARM.Collect$$libinit$$0000000C          0x08000202   Section        0  libinit2.o(.ARM.Collect$$libinit$$0000000C)
    .ARM.Collect$$libinit$$0000000E          0x08000202   Section        0  libinit2.o(.ARM.Collect$$libinit$$0000000E)
    .ARM.Collect$$libinit$$00000011          0x08000202   Section        0  libinit2.o(.ARM.Collect$$libinit$$00000011)
    .ARM.Collect$$libinit$$00000013          0x08000202   Section        0  libinit2.o(.ARM.Collect$$libinit$$00000013)
    .ARM.Collect$$libinit$$00000015          0x08000202   Section        0  libinit2.o(.ARM.Collect$$libinit$$00000015)
    .ARM.Collect$$libinit$$00000017          0x08000202   Section        0  libinit2.o(.ARM.Collect$$libinit$$00000017)
    .ARM.Collect$$libinit$$00000019          0x08000202   Section        0  libinit2.o(.ARM.Collect$$libinit$$00000019)
    .ARM.Collect$$libinit$$0000001B          0x08000202   Section        0  libinit2.o(.ARM.Collect$$libinit$$0000001B)
    .ARM.Collect$$libinit$$0000001D          0x08000202   Section        0  libinit2.o(.ARM.Collect$$libinit$$0000001D)
    .ARM.Collect$$libinit$$0000001F          0x08000202   Section        0  libinit2.o(.ARM.Collect$$libinit$$0000001F)
    .ARM.Collect$$libinit$$00000021          0x08000202   Section        0  libinit2.o(.ARM.Collect$$libinit$$00000021)
    .ARM.Collect$$libinit$$00000023          0x08000202   Section        0  libinit2.o(.ARM.Collect$$libinit$$00000023)
    .ARM.Collect$$libinit$$00000025          0x08000202   Section        0  libinit2.o(.ARM.Collect$$libinit$$00000025)
    .ARM.Collect$$libinit$$0000002C          0x08000202   Section        0  libinit2.o(.ARM.Collect$$libinit$$0000002C)
    .ARM.Collect$$libinit$$0000002E          0x08000202   Section        0  libinit2.o(.ARM.Collect$$libinit$$0000002E)
    .ARM.Collect$$libinit$$00000030          0x08000202   Section        0  libinit2.o(.ARM.Collect$$libinit$$00000030)
    .ARM.Collect$$libinit$$00000032          0x08000202   Section        0  libinit2.o(.ARM.Collect$$libinit$$00000032)
    .ARM.Collect$$libinit$$00000033          0x08000202   Section        2  libinit2.o(.ARM.Collect$$libinit$$00000033)
    .ARM.Collect$$libshutdown$$00000000      0x08000204   Section        2  libshutdown.o(.ARM.Collect$$libshutdown$$00000000)
    .ARM.Collect$$libshutdown$$00000002      0x08000206   Section        0  libshutdown2.o(.ARM.Collect$$libshutdown$$00000002)
    .ARM.Collect$$libshutdown$$00000004      0x08000206   Section        0  libshutdown2.o(.ARM.Collect$$libshutdown$$00000004)
    .ARM.Collect$$libshutdown$$00000007      0x08000206   Section        0  libshutdown2.o(.ARM.Collect$$libshutdown$$00000007)
    .ARM.Collect$$libshutdown$$0000000A      0x08000206   Section        0  libshutdown2.o(.ARM.Collect$$libshutdown$$0000000A)
    .ARM.Collect$$libshutdown$$0000000C      0x08000206   Section        0  libshutdown2.o(.ARM.Collect$$libshutdown$$0000000C)
    .ARM.Collect$$libshutdown$$0000000F      0x08000206   Section        0  libshutdown2.o(.ARM.Collect$$libshutdown$$0000000F)
    .ARM.Collect$$libshutdown$$00000010      0x08000206   Section        2  libshutdown2.o(.ARM.Collect$$libshutdown$$00000010)
    .ARM.Collect$$rtentry$$00000000          0x08000208   Section        0  __rtentry.o(.ARM.Collect$$rtentry$$00000000)
    .ARM.Collect$$rtentry$$00000002          0x08000208   Section        0  __rtentry2.o(.ARM.Collect$$rtentry$$00000002)
    .ARM.Collect$$rtentry$$00000004          0x08000208   Section        6  __rtentry4.o(.ARM.Collect$$rtentry$$00000004)
    .ARM.Collect$$rtentry$$00000009          0x0800020e   Section        0  __rtentry2.o(.ARM.Collect$$rtentry$$00000009)
    .ARM.Collect$$rtentry$$0000000A          0x0800020e   Section        4  __rtentry2.o(.ARM.Collect$$rtentry$$0000000A)
    .ARM.Collect$$rtentry$$0000000C          0x08000212   Section        0  __rtentry2.o(.ARM.Collect$$rtentry$$0000000C)
    .ARM.Collect$$rtentry$$0000000D          0x08000212   Section        8  __rtentry2.o(.ARM.Collect$$rtentry$$0000000D)
    .ARM.Collect$$rtexit$$00000000           0x0800021a   Section        2  rtexit.o(.ARM.Collect$$rtexit$$00000000)
    .ARM.Collect$$rtexit$$00000002           0x0800021c   Section        0  rtexit2.o(.ARM.Collect$$rtexit$$00000002)
    .ARM.Collect$$rtexit$$00000003           0x0800021c   Section        4  rtexit2.o(.ARM.Collect$$rtexit$$00000003)
    .ARM.Collect$$rtexit$$00000004           0x08000220   Section        6  rtexit2.o(.ARM.Collect$$rtexit$$00000004)
    .text                                    0x08000228   Section       64  startup_stm32f302x8.o(.text)
    $v0                                      0x08000228   Number         0  startup_stm32f302x8.o(.text)
    .text                                    0x08000268   Section        0  heapauxi.o(.text)
    .text                                    0x0800026e   Section       74  sys_stackheap_outer.o(.text)
    .text                                    0x080002b8   Section        0  exit.o(.text)
    .text                                    0x080002cc   Section        8  libspace.o(.text)
    .text                                    0x080002d4   Section        0  sys_exit.o(.text)
    .text                                    0x080002e0   Section        2  use_no_semi.o(.text)
    .text                                    0x080002e2   Section        0  indicate_semi.o(.text)
    i.ADC1_IRQHandler                        0x080002e4   Section        0  adc.o(i.ADC1_IRQHandler)
    i.DMA1_Channel1_IRQHandler               0x08000308   Section        0  adc.o(i.DMA1_Channel1_IRQHandler)
    i.LL_ADC_ClearFlag_JEOS                  0x08000384   Section        0  adc.o(i.LL_ADC_ClearFlag_JEOS)
    LL_ADC_ClearFlag_JEOS                    0x08000385   Thumb Code     6  adc.o(i.LL_ADC_ClearFlag_JEOS)
    i.LL_DMA_EnableChannel                   0x0800038c   Section        0  adc.o(i.LL_DMA_EnableChannel)
    LL_DMA_EnableChannel                     0x0800038d   Thumb Code    24  adc.o(i.LL_DMA_EnableChannel)
    i.LL_GPIO_Init                           0x080003a8   Section        0  stm32f3xx_ll_gpio.o(i.LL_GPIO_Init)
    i.LL_GPIO_ResetOutputPin                 0x080004ec   Section        0  led.o(i.LL_GPIO_ResetOutputPin)
    LL_GPIO_ResetOutputPin                   0x080004ed   Thumb Code     4  led.o(i.LL_GPIO_ResetOutputPin)
    i.LL_GPIO_StructInit                     0x080004f0   Section        0  stm32f3xx_ll_gpio.o(i.LL_GPIO_StructInit)
    i.LL_TIM_Init                            0x08000508   Section        0  stm32f3xx_ll_tim.o(i.LL_TIM_Init)
    i.LL_TIM_OC_EnablePreload                0x0800059c   Section        0  tim.o(i.LL_TIM_OC_EnablePreload)
    LL_TIM_OC_EnablePreload                  0x0800059d   Thumb Code   106  tim.o(i.LL_TIM_OC_EnablePreload)
    i.LL_TIM_OC_Init                         0x08000610   Section        0  stm32f3xx_ll_tim.o(i.LL_TIM_OC_Init)
    i.LL_TIM_OC_SetCompareCH2                0x08000694   Section        0  stm32f3xx_ll_tim.o(i.LL_TIM_OC_SetCompareCH2)
    LL_TIM_OC_SetCompareCH2                  0x08000695   Thumb Code     4  stm32f3xx_ll_tim.o(i.LL_TIM_OC_SetCompareCH2)
    i.LL_TIM_OC_StructInit                   0x08000698   Section        0  stm32f3xx_ll_tim.o(i.LL_TIM_OC_StructInit)
    i.LL_TIM_StructInit                      0x080006ac   Section        0  stm32f3xx_ll_tim.o(i.LL_TIM_StructInit)
    i.OC1Config                              0x080006c0   Section        0  stm32f3xx_ll_tim.o(i.OC1Config)
    OC1Config                                0x080006c1   Thumb Code   140  stm32f3xx_ll_tim.o(i.OC1Config)
    i.OC2Config                              0x08000760   Section        0  stm32f3xx_ll_tim.o(i.OC2Config)
    OC2Config                                0x08000761   Thumb Code   150  stm32f3xx_ll_tim.o(i.OC2Config)
    i.OC3Config                              0x0800080c   Section        0  stm32f3xx_ll_tim.o(i.OC3Config)
    OC3Config                                0x0800080d   Thumb Code   140  stm32f3xx_ll_tim.o(i.OC3Config)
    i.OC4Config                              0x080008ac   Section        0  stm32f3xx_ll_tim.o(i.OC4Config)
    OC4Config                                0x080008ad   Thumb Code   108  stm32f3xx_ll_tim.o(i.OC4Config)
    i.OC5Config                              0x0800092c   Section        0  stm32f3xx_ll_tim.o(i.OC5Config)
    OC5Config                                0x0800092d   Thumb Code   104  stm32f3xx_ll_tim.o(i.OC5Config)
    i.OC6Config                              0x080009a8   Section        0  stm32f3xx_ll_tim.o(i.OC6Config)
    OC6Config                                0x080009a9   Thumb Code   102  stm32f3xx_ll_tim.o(i.OC6Config)
    i.SystemInit                             0x08000a24   Section        0  system_stm32f3xx.o(i.SystemInit)
    i.button_init                            0x08000aa0   Section        0  button.o(i.button_init)
    i.gpio_pwm_init                          0x08000ae8   Section        0  tim.o(i.gpio_pwm_init)
    i.led_init                               0x08000b38   Section        0  led.o(i.led_init)
    i.main                                   0x08000b88   Section        0  main.o(i.main)
    i.tim1_init                              0x08000ba4   Section        0  tim.o(i.tim1_init)
    i.tim1_pwm_init                          0x08000bf8   Section        0  tim.o(i.tim1_pwm_init)
    i.tim1_start                             0x08000c5c   Section        0  tim.o(i.tim1_start)
    x$fpl$fpinit                             0x08000c74   Section       10  fpinit.o(x$fpl$fpinit)
    $v0                                      0x08000c74   Number         0  fpinit.o(x$fpl$fpinit)
    .constdata                               0x08000c80   Section       24  adc.o(.constdata)
    CHANNEL_OFFSET_TAB                       0x08000c80   Data           7  adc.o(.constdata)
    .constdata                               0x08000c98   Section       45  tim.o(.constdata)
    OFFSET_TAB_CCMRx                         0x08000c98   Data           9  tim.o(.constdata)
    SHIFT_TAB_OCxx                           0x08000ca1   Data           9  tim.o(.constdata)
    SHIFT_TAB_ICxx                           0x08000caa   Data           9  tim.o(.constdata)
    SHIFT_TAB_CCxP                           0x08000cb3   Data           9  tim.o(.constdata)
    SHIFT_TAB_OISx                           0x08000cbc   Data           9  tim.o(.constdata)
    .data                                    0x20000000   Section       10  adc.o(.data)
    adc1_callback                            0x20000000   Data           4  adc.o(.data)
    dma_callback                             0x20000004   Data           4  adc.o(.data)
    .bss                                     0x2000000c   Section       96  libspace.o(.bss)
    HEAP                                     0x20000070   Section      512  startup_stm32f302x8.o(HEAP)
    Heap_Mem                                 0x20000070   Data         512  startup_stm32f302x8.o(HEAP)
    STACK                                    0x20000270   Section     1024  startup_stm32f302x8.o(STACK)
    Stack_Mem                                0x20000270   Data        1024  startup_stm32f302x8.o(STACK)
    __initial_sp                             0x20000670   Data           0  startup_stm32f302x8.o(STACK)

    Global Symbols

    Symbol Name                              Value     Ov Type        Size  Object(Section)

    BuildAttributes$$THM_ISAv4$E$P$D$K$B$S$7EM$VFPi3$EXTD16$VFPS$VFMA$PE$A:L22UL41UL21$X:L11$S22US41US21$IEEE1$IW$USESV6$~STKCKD$USESV7$~SHL$OSPACE$ROPI$EBA8$UX$STANDARDLIB$REQ8$PRES8$EABIv2 0x00000000   Number         0  anon$$obj.o ABSOLUTE
    __ARM_use_no_argv                        0x00000000   Number         0  main.o ABSOLUTE
    __ARM_exceptions_init                     - Undefined Weak Reference
    __alloca_initialize                       - Undefined Weak Reference
    __arm_preinit_                            - Undefined Weak Reference
    __cpp_initialize__aeabi_                  - Undefined Weak Reference
    __cxa_finalize                            - Undefined Weak Reference
    __rt_locale                               - Undefined Weak Reference
    __sigvec_lookup                           - Undefined Weak Reference
    _atexit_init                              - Undefined Weak Reference
    _call_atexit_fns                          - Undefined Weak Reference
    _clock_init                               - Undefined Weak Reference
    _fp_trap_init                             - Undefined Weak Reference
    _fp_trap_shutdown                         - Undefined Weak Reference
    _get_lc_collate                           - Undefined Weak Reference
    _get_lc_ctype                             - Undefined Weak Reference
    _get_lc_monetary                          - Undefined Weak Reference
    _get_lc_numeric                           - Undefined Weak Reference
    _get_lc_time                              - Undefined Weak Reference
    _getenv_init                              - Undefined Weak Reference
    _handle_redirection                       - Undefined Weak Reference
    _init_alloc                               - Undefined Weak Reference
    _init_user_alloc                          - Undefined Weak Reference
    _initio                                   - Undefined Weak Reference
    _rand_init                                - Undefined Weak Reference
    _signal_finish                            - Undefined Weak Reference
    _signal_init                              - Undefined Weak Reference
    _terminate_alloc                          - Undefined Weak Reference
    _terminate_user_alloc                     - Undefined Weak Reference
    _terminateio                              - Undefined Weak Reference
    __Vectors_Size                           0x00000188   Number         0  startup_stm32f302x8.o ABSOLUTE
    __Vectors                                0x08000000   Data           4  startup_stm32f302x8.o(RESET)
    __Vectors_End                            0x08000188   Data           0  startup_stm32f302x8.o(RESET)
    __main                                   0x08000189   Thumb Code     8  __main.o(!!!main)
    __scatterload                            0x08000191   Thumb Code     0  __scatter.o(!!!scatter)
    __scatterload_rt2                        0x08000191   Thumb Code    44  __scatter.o(!!!scatter)
    __scatterload_rt2_thumb_only             0x08000191   Thumb Code     0  __scatter.o(!!!scatter)
    __scatterload_null                       0x0800019f   Thumb Code     0  __scatter.o(!!!scatter)
    __scatterload_copy                       0x080001c5   Thumb Code    26  __scatter_copy.o(!!handler_copy)
    __scatterload_zeroinit                   0x080001e1   Thumb Code    28  __scatter_zi.o(!!handler_zi)
    __rt_lib_init                            0x080001fd   Thumb Code     0  libinit.o(.ARM.Collect$$libinit$$00000000)
    __rt_lib_init_fp_1                       0x080001ff   Thumb Code     0  libinit2.o(.ARM.Collect$$libinit$$00000001)
    __rt_lib_init_alloca_1                   0x08000203   Thumb Code     0  libinit2.o(.ARM.Collect$$libinit$$0000002E)
    __rt_lib_init_argv_1                     0x08000203   Thumb Code     0  libinit2.o(.ARM.Collect$$libinit$$0000002C)
    __rt_lib_init_atexit_1                   0x08000203   Thumb Code     0  libinit2.o(.ARM.Collect$$libinit$$0000001B)
    __rt_lib_init_clock_1                    0x08000203   Thumb Code     0  libinit2.o(.ARM.Collect$$libinit$$00000021)
    __rt_lib_init_cpp_1                      0x08000203   Thumb Code     0  libinit2.o(.ARM.Collect$$libinit$$00000032)
    __rt_lib_init_exceptions_1               0x08000203   Thumb Code     0  libinit2.o(.ARM.Collect$$libinit$$00000030)
    __rt_lib_init_fp_trap_1                  0x08000203   Thumb Code     0  libinit2.o(.ARM.Collect$$libinit$$0000001F)
    __rt_lib_init_getenv_1                   0x08000203   Thumb Code     0  libinit2.o(.ARM.Collect$$libinit$$00000023)
    __rt_lib_init_heap_1                     0x08000203   Thumb Code     0  libinit2.o(.ARM.Collect$$libinit$$0000000A)
    __rt_lib_init_lc_collate_1               0x08000203   Thumb Code     0  libinit2.o(.ARM.Collect$$libinit$$00000011)
    __rt_lib_init_lc_ctype_1                 0x08000203   Thumb Code     0  libinit2.o(.ARM.Collect$$libinit$$00000013)
    __rt_lib_init_lc_monetary_1              0x08000203   Thumb Code     0  libinit2.o(.ARM.Collect$$libinit$$00000015)
    __rt_lib_init_lc_numeric_1               0x08000203   Thumb Code     0  libinit2.o(.ARM.Collect$$libinit$$00000017)
    __rt_lib_init_lc_time_1                  0x08000203   Thumb Code     0  libinit2.o(.ARM.Collect$$libinit$$00000019)
    __rt_lib_init_preinit_1                  0x08000203   Thumb Code     0  libinit2.o(.ARM.Collect$$libinit$$00000004)
    __rt_lib_init_rand_1                     0x08000203   Thumb Code     0  libinit2.o(.ARM.Collect$$libinit$$0000000E)
    __rt_lib_init_return                     0x08000203   Thumb Code     0  libinit2.o(.ARM.Collect$$libinit$$00000033)
    __rt_lib_init_signal_1                   0x08000203   Thumb Code     0  libinit2.o(.ARM.Collect$$libinit$$0000001D)
    __rt_lib_init_stdio_1                    0x08000203   Thumb Code     0  libinit2.o(.ARM.Collect$$libinit$$00000025)
    __rt_lib_init_user_alloc_1               0x08000203   Thumb Code     0  libinit2.o(.ARM.Collect$$libinit$$0000000C)
    __rt_lib_shutdown                        0x08000205   Thumb Code     0  libshutdown.o(.ARM.Collect$$libshutdown$$00000000)
    __rt_lib_shutdown_cpp_1                  0x08000207   Thumb Code     0  libshutdown2.o(.ARM.Collect$$libshutdown$$00000002)
    __rt_lib_shutdown_fp_trap_1              0x08000207   Thumb Code     0  libshutdown2.o(.ARM.Collect$$libshutdown$$00000007)
    __rt_lib_shutdown_heap_1                 0x08000207   Thumb Code     0  libshutdown2.o(.ARM.Collect$$libshutdown$$0000000F)
    __rt_lib_shutdown_return                 0x08000207   Thumb Code     0  libshutdown2.o(.ARM.Collect$$libshutdown$$00000010)
    __rt_lib_shutdown_signal_1               0x08000207   Thumb Code     0  libshutdown2.o(.ARM.Collect$$libshutdown$$0000000A)
    __rt_lib_shutdown_stdio_1                0x08000207   Thumb Code     0  libshutdown2.o(.ARM.Collect$$libshutdown$$00000004)
    __rt_lib_shutdown_user_alloc_1           0x08000207   Thumb Code     0  libshutdown2.o(.ARM.Collect$$libshutdown$$0000000C)
    __rt_entry                               0x08000209   Thumb Code     0  __rtentry.o(.ARM.Collect$$rtentry$$00000000)
    __rt_entry_presh_1                       0x08000209   Thumb Code     0  __rtentry2.o(.ARM.Collect$$rtentry$$00000002)
    __rt_entry_sh                            0x08000209   Thumb Code     0  __rtentry4.o(.ARM.Collect$$rtentry$$00000004)
    __rt_entry_li                            0x0800020f   Thumb Code     0  __rtentry2.o(.ARM.Collect$$rtentry$$0000000A)
    __rt_entry_postsh_1                      0x0800020f   Thumb Code     0  __rtentry2.o(.ARM.Collect$$rtentry$$00000009)
    __rt_entry_main                          0x08000213   Thumb Code     0  __rtentry2.o(.ARM.Collect$$rtentry$$0000000D)
    __rt_entry_postli_1                      0x08000213   Thumb Code     0  __rtentry2.o(.ARM.Collect$$rtentry$$0000000C)
    __rt_exit                                0x0800021b   Thumb Code     0  rtexit.o(.ARM.Collect$$rtexit$$00000000)
    __rt_exit_ls                             0x0800021d   Thumb Code     0  rtexit2.o(.ARM.Collect$$rtexit$$00000003)
    __rt_exit_prels_1                        0x0800021d   Thumb Code     0  rtexit2.o(.ARM.Collect$$rtexit$$00000002)
    __rt_exit_exit                           0x08000221   Thumb Code     0  rtexit2.o(.ARM.Collect$$rtexit$$00000004)
    Reset_Handler                            0x08000229   Thumb Code     8  startup_stm32f302x8.o(.text)
    NMI_Handler                              0x08000231   Thumb Code     2  startup_stm32f302x8.o(.text)
    HardFault_Handler                        0x08000233   Thumb Code     2  startup_stm32f302x8.o(.text)
    MemManage_Handler                        0x08000235   Thumb Code     2  startup_stm32f302x8.o(.text)
    BusFault_Handler                         0x08000237   Thumb Code     2  startup_stm32f302x8.o(.text)
    UsageFault_Handler                       0x08000239   Thumb Code     2  startup_stm32f302x8.o(.text)
    SVC_Handler                              0x0800023b   Thumb Code     2  startup_stm32f302x8.o(.text)
    DebugMon_Handler                         0x0800023d   Thumb Code     2  startup_stm32f302x8.o(.text)
    PendSV_Handler                           0x0800023f   Thumb Code     2  startup_stm32f302x8.o(.text)
    SysTick_Handler                          0x08000241   Thumb Code     2  startup_stm32f302x8.o(.text)
    CAN_RX1_IRQHandler                       0x08000243   Thumb Code     0  startup_stm32f302x8.o(.text)
    CAN_SCE_IRQHandler                       0x08000243   Thumb Code     0  startup_stm32f302x8.o(.text)
    COMP2_IRQHandler                         0x08000243   Thumb Code     0  startup_stm32f302x8.o(.text)
    COMP4_6_IRQHandler                       0x08000243   Thumb Code     0  startup_stm32f302x8.o(.text)
    DMA1_Channel2_IRQHandler                 0x08000243   Thumb Code     0  startup_stm32f302x8.o(.text)
    DMA1_Channel3_IRQHandler                 0x08000243   Thumb Code     0  startup_stm32f302x8.o(.text)
    DMA1_Channel4_IRQHandler                 0x08000243   Thumb Code     0  startup_stm32f302x8.o(.text)
    DMA1_Channel5_IRQHandler                 0x08000243   Thumb Code     0  startup_stm32f302x8.o(.text)
    DMA1_Channel6_IRQHandler                 0x08000243   Thumb Code     0  startup_stm32f302x8.o(.text)
    DMA1_Channel7_IRQHandler                 0x08000243   Thumb Code     0  startup_stm32f302x8.o(.text)
    EXTI0_IRQHandler                         0x08000243   Thumb Code     0  startup_stm32f302x8.o(.text)
    EXTI15_10_IRQHandler                     0x08000243   Thumb Code     0  startup_stm32f302x8.o(.text)
    EXTI1_IRQHandler                         0x08000243   Thumb Code     0  startup_stm32f302x8.o(.text)
    EXTI2_TSC_IRQHandler                     0x08000243   Thumb Code     0  startup_stm32f302x8.o(.text)
    EXTI3_IRQHandler                         0x08000243   Thumb Code     0  startup_stm32f302x8.o(.text)
    EXTI4_IRQHandler                         0x08000243   Thumb Code     0  startup_stm32f302x8.o(.text)
    EXTI9_5_IRQHandler                       0x08000243   Thumb Code     0  startup_stm32f302x8.o(.text)
    FLASH_IRQHandler                         0x08000243   Thumb Code     0  startup_stm32f302x8.o(.text)
    FPU_IRQHandler                           0x08000243   Thumb Code     0  startup_stm32f302x8.o(.text)
    I2C1_ER_IRQHandler                       0x08000243   Thumb Code     0  startup_stm32f302x8.o(.text)
    I2C1_EV_IRQHandler                       0x08000243   Thumb Code     0  startup_stm32f302x8.o(.text)
    I2C2_ER_IRQHandler                       0x08000243   Thumb Code     0  startup_stm32f302x8.o(.text)
    I2C2_EV_IRQHandler                       0x08000243   Thumb Code     0  startup_stm32f302x8.o(.text)
    I2C3_ER_IRQHandler                       0x08000243   Thumb Code     0  startup_stm32f302x8.o(.text)
    I2C3_EV_IRQHandler                       0x08000243   Thumb Code     0  startup_stm32f302x8.o(.text)
    PVD_IRQHandler                           0x08000243   Thumb Code     0  startup_stm32f302x8.o(.text)
    RCC_IRQHandler                           0x08000243   Thumb Code     0  startup_stm32f302x8.o(.text)
    RTC_Alarm_IRQHandler                     0x08000243   Thumb Code     0  startup_stm32f302x8.o(.text)
    RTC_WKUP_IRQHandler                      0x08000243   Thumb Code     0  startup_stm32f302x8.o(.text)
    SPI2_IRQHandler                          0x08000243   Thumb Code     0  startup_stm32f302x8.o(.text)
    SPI3_IRQHandler                          0x08000243   Thumb Code     0  startup_stm32f302x8.o(.text)
    TAMP_STAMP_IRQHandler                    0x08000243   Thumb Code     0  startup_stm32f302x8.o(.text)
    TIM1_BRK_TIM15_IRQHandler                0x08000243   Thumb Code     0  startup_stm32f302x8.o(.text)
    TIM1_CC_IRQHandler                       0x08000243   Thumb Code     0  startup_stm32f302x8.o(.text)
    TIM1_TRG_COM_TIM17_IRQHandler            0x08000243   Thumb Code     0  startup_stm32f302x8.o(.text)
    TIM1_UP_TIM16_IRQHandler                 0x08000243   Thumb Code     0  startup_stm32f302x8.o(.text)
    TIM2_IRQHandler                          0x08000243   Thumb Code     0  startup_stm32f302x8.o(.text)
    TIM6_DAC_IRQHandler                      0x08000243   Thumb Code     0  startup_stm32f302x8.o(.text)
    USART1_IRQHandler                        0x08000243   Thumb Code     0  startup_stm32f302x8.o(.text)
    USART2_IRQHandler                        0x08000243   Thumb Code     0  startup_stm32f302x8.o(.text)
    USART3_IRQHandler                        0x08000243   Thumb Code     0  startup_stm32f302x8.o(.text)
    USBWakeUp_IRQHandler                     0x08000243   Thumb Code     0  startup_stm32f302x8.o(.text)
    USBWakeUp_RMP_IRQHandler                 0x08000243   Thumb Code     0  startup_stm32f302x8.o(.text)
    USB_HP_CAN_TX_IRQHandler                 0x08000243   Thumb Code     0  startup_stm32f302x8.o(.text)
    USB_HP_IRQHandler                        0x08000243   Thumb Code     0  startup_stm32f302x8.o(.text)
    USB_LP_CAN_RX0_IRQHandler                0x08000243   Thumb Code     0  startup_stm32f302x8.o(.text)
    USB_LP_IRQHandler                        0x08000243   Thumb Code     0  startup_stm32f302x8.o(.text)
    WWDG_IRQHandler                          0x08000243   Thumb Code     0  startup_stm32f302x8.o(.text)
    __user_initial_stackheap                 0x08000245   Thumb Code     0  startup_stm32f302x8.o(.text)
    __use_two_region_memory                  0x08000269   Thumb Code     2  heapauxi.o(.text)
    __rt_heap_escrow$2region                 0x0800026b   Thumb Code     2  heapauxi.o(.text)
    __rt_heap_expand$2region                 0x0800026d   Thumb Code     2  heapauxi.o(.text)
    __user_setup_stackheap                   0x0800026f   Thumb Code    74  sys_stackheap_outer.o(.text)
    exit                                     0x080002b9   Thumb Code    18  exit.o(.text)
    __user_libspace                          0x080002cd   Thumb Code     8  libspace.o(.text)
    __user_perproc_libspace                  0x080002cd   Thumb Code     0  libspace.o(.text)
    __user_perthread_libspace                0x080002cd   Thumb Code     0  libspace.o(.text)
    _sys_exit                                0x080002d5   Thumb Code     8  sys_exit.o(.text)
    __I$use$semihosting                      0x080002e1   Thumb Code     0  use_no_semi.o(.text)
    __use_no_semihosting_swi                 0x080002e1   Thumb Code     2  use_no_semi.o(.text)
    __semihosting_library_function           0x080002e3   Thumb Code     0  indicate_semi.o(.text)
    ADC1_IRQHandler                          0x080002e5   Thumb Code    30  adc.o(i.ADC1_IRQHandler)
    DMA1_Channel1_IRQHandler                 0x08000309   Thumb Code   104  adc.o(i.DMA1_Channel1_IRQHandler)
    LL_GPIO_Init                             0x080003a9   Thumb Code   324  stm32f3xx_ll_gpio.o(i.LL_GPIO_Init)
    LL_GPIO_StructInit                       0x080004f1   Thumb Code    22  stm32f3xx_ll_gpio.o(i.LL_GPIO_StructInit)
    LL_TIM_Init                              0x08000509   Thumb Code   132  stm32f3xx_ll_tim.o(i.LL_TIM_Init)
    LL_TIM_OC_Init                           0x08000611   Thumb Code   132  stm32f3xx_ll_tim.o(i.LL_TIM_OC_Init)
    LL_TIM_OC_StructInit                     0x08000699   Thumb Code    20  stm32f3xx_ll_tim.o(i.LL_TIM_OC_StructInit)
    LL_TIM_StructInit                        0x080006ad   Thumb Code    18  stm32f3xx_ll_tim.o(i.LL_TIM_StructInit)
    SystemInit                               0x08000a25   Thumb Code   104  system_stm32f3xx.o(i.SystemInit)
    button_init                              0x08000aa1   Thumb Code    62  button.o(i.button_init)
    gpio_pwm_init                            0x08000ae9   Thumb Code    74  tim.o(i.gpio_pwm_init)
    led_init                                 0x08000b39   Thumb Code    70  led.o(i.led_init)
    main                                     0x08000b89   Thumb Code    28  main.o(i.main)
    tim1_init                                0x08000ba5   Thumb Code    74  tim.o(i.tim1_init)
    tim1_pwm_init                            0x08000bf9   Thumb Code    96  tim.o(i.tim1_pwm_init)
    tim1_start                               0x08000c5d   Thumb Code    18  tim.o(i.tim1_start)
    _fp_init                                 0x08000c75   Thumb Code    10  fpinit.o(x$fpl$fpinit)
    __fplib_config_fpu_vfp                   0x08000c7d   Thumb Code     0  fpinit.o(x$fpl$fpinit)
    __fplib_config_pureend_doubles           0x08000c7d   Thumb Code     0  fpinit.o(x$fpl$fpinit)
    Region$$Table$$Base                      0x08000cc8   Number         0  anon$$obj.o(Region$$Table)
    Region$$Table$$Limit                     0x08000ce8   Number         0  anon$$obj.o(Region$$Table)
    reloadNData                              0x20000008   Data           2  adc.o(.data)
    __libspace_start                         0x2000000c   Data          96  libspace.o(.bss)
    __temporary_stack_top$libspace           0x2000006c   Data           0  libspace.o(.bss)



==============================================================================

Memory Map of the image

  Image Entry point : 0x08000189

  Load Region LR_IROM1 (Base: 0x08000000, Size: 0x00000cf4, Max: 0x00010000, ABSOLUTE)

    Execution Region ER_IROM1 (Exec base: 0x08000000, Load base: 0x08000000, Size: 0x00000ce8, Max: 0x00010000, ABSOLUTE)

    Exec Addr    Load Addr    Size         Type   Attr      Idx    E Section Name        Object

    0x08000000   0x08000000   0x00000188   Data   RO         1656    RESET               startup_stm32f302x8.o
    0x08000188   0x08000188   0x00000008   Code   RO         1702  * !!!main             c_w.l(__main.o)
    0x08000190   0x08000190   0x00000034   Code   RO         1859    !!!scatter          c_w.l(__scatter.o)
    0x080001c4   0x080001c4   0x0000001a   Code   RO         1861    !!handler_copy      c_w.l(__scatter_copy.o)
    0x080001de   0x080001de   0x00000002   PAD
    0x080001e0   0x080001e0   0x0000001c   Code   RO         1863    !!handler_zi        c_w.l(__scatter_zi.o)
    0x080001fc   0x080001fc   0x00000002   Code   RO         1729    .ARM.Collect$$libinit$$00000000  c_w.l(libinit.o)
    0x080001fe   0x080001fe   0x00000004   Code   RO         1735    .ARM.Collect$$libinit$$00000001  c_w.l(libinit2.o)
    0x08000202   0x08000202   0x00000000   Code   RO         1738    .ARM.Collect$$libinit$$00000004  c_w.l(libinit2.o)
    0x08000202   0x08000202   0x00000000   Code   RO         1741    .ARM.Collect$$libinit$$0000000A  c_w.l(libinit2.o)
    0x08000202   0x08000202   0x00000000   Code   RO         1743    .ARM.Collect$$libinit$$0000000C  c_w.l(libinit2.o)
    0x08000202   0x08000202   0x00000000   Code   RO         1745    .ARM.Collect$$libinit$$0000000E  c_w.l(libinit2.o)
    0x08000202   0x08000202   0x00000000   Code   RO         1748    .ARM.Collect$$libinit$$00000011  c_w.l(libinit2.o)
    0x08000202   0x08000202   0x00000000   Code   RO         1750    .ARM.Collect$$libinit$$00000013  c_w.l(libinit2.o)
    0x08000202   0x08000202   0x00000000   Code   RO         1752    .ARM.Collect$$libinit$$00000015  c_w.l(libinit2.o)
    0x08000202   0x08000202   0x00000000   Code   RO         1754    .ARM.Collect$$libinit$$00000017  c_w.l(libinit2.o)
    0x08000202   0x08000202   0x00000000   Code   RO         1756    .ARM.Collect$$libinit$$00000019  c_w.l(libinit2.o)
    0x08000202   0x08000202   0x00000000   Code   RO         1758    .ARM.Collect$$libinit$$0000001B  c_w.l(libinit2.o)
    0x08000202   0x08000202   0x00000000   Code   RO         1760    .ARM.Collect$$libinit$$0000001D  c_w.l(libinit2.o)
    0x08000202   0x08000202   0x00000000   Code   RO         1762    .ARM.Collect$$libinit$$0000001F  c_w.l(libinit2.o)
    0x08000202   0x08000202   0x00000000   Code   RO         1764    .ARM.Collect$$libinit$$00000021  c_w.l(libinit2.o)
    0x08000202   0x08000202   0x00000000   Code   RO         1766    .ARM.Collect$$libinit$$00000023  c_w.l(libinit2.o)
    0x08000202   0x08000202   0x00000000   Code   RO         1768    .ARM.Collect$$libinit$$00000025  c_w.l(libinit2.o)
    0x08000202   0x08000202   0x00000000   Code   RO         1772    .ARM.Collect$$libinit$$0000002C  c_w.l(libinit2.o)
    0x08000202   0x08000202   0x00000000   Code   RO         1774    .ARM.Collect$$libinit$$0000002E  c_w.l(libinit2.o)
    0x08000202   0x08000202   0x00000000   Code   RO         1776    .ARM.Collect$$libinit$$00000030  c_w.l(libinit2.o)
    0x08000202   0x08000202   0x00000000   Code   RO         1778    .ARM.Collect$$libinit$$00000032  c_w.l(libinit2.o)
    0x08000202   0x08000202   0x00000002   Code   RO         1779    .ARM.Collect$$libinit$$00000033  c_w.l(libinit2.o)
    0x08000204   0x08000204   0x00000002   Code   RO         1799    .ARM.Collect$$libshutdown$$00000000  c_w.l(libshutdown.o)
    0x08000206   0x08000206   0x00000000   Code   RO         1812    .ARM.Collect$$libshutdown$$00000002  c_w.l(libshutdown2.o)
    0x08000206   0x08000206   0x00000000   Code   RO         1814    .ARM.Collect$$libshutdown$$00000004  c_w.l(libshutdown2.o)
    0x08000206   0x08000206   0x00000000   Code   RO         1817    .ARM.Collect$$libshutdown$$00000007  c_w.l(libshutdown2.o)
    0x08000206   0x08000206   0x00000000   Code   RO         1820    .ARM.Collect$$libshutdown$$0000000A  c_w.l(libshutdown2.o)
    0x08000206   0x08000206   0x00000000   Code   RO         1822    .ARM.Collect$$libshutdown$$0000000C  c_w.l(libshutdown2.o)
    0x08000206   0x08000206   0x00000000   Code   RO         1825    .ARM.Collect$$libshutdown$$0000000F  c_w.l(libshutdown2.o)
    0x08000206   0x08000206   0x00000002   Code   RO         1826    .ARM.Collect$$libshutdown$$00000010  c_w.l(libshutdown2.o)
    0x08000208   0x08000208   0x00000000   Code   RO         1704    .ARM.Collect$$rtentry$$00000000  c_w.l(__rtentry.o)
    0x08000208   0x08000208   0x00000000   Code   RO         1706    .ARM.Collect$$rtentry$$00000002  c_w.l(__rtentry2.o)
    0x08000208   0x08000208   0x00000006   Code   RO         1718    .ARM.Collect$$rtentry$$00000004  c_w.l(__rtentry4.o)
    0x0800020e   0x0800020e   0x00000000   Code   RO         1708    .ARM.Collect$$rtentry$$00000009  c_w.l(__rtentry2.o)
    0x0800020e   0x0800020e   0x00000004   Code   RO         1709    .ARM.Collect$$rtentry$$0000000A  c_w.l(__rtentry2.o)
    0x08000212   0x08000212   0x00000000   Code   RO         1711    .ARM.Collect$$rtentry$$0000000C  c_w.l(__rtentry2.o)
    0x08000212   0x08000212   0x00000008   Code   RO         1712    .ARM.Collect$$rtentry$$0000000D  c_w.l(__rtentry2.o)
    0x0800021a   0x0800021a   0x00000002   Code   RO         1733    .ARM.Collect$$rtexit$$00000000  c_w.l(rtexit.o)
    0x0800021c   0x0800021c   0x00000000   Code   RO         1781    .ARM.Collect$$rtexit$$00000002  c_w.l(rtexit2.o)
    0x0800021c   0x0800021c   0x00000004   Code   RO         1782    .ARM.Collect$$rtexit$$00000003  c_w.l(rtexit2.o)
    0x08000220   0x08000220   0x00000006   Code   RO         1783    .ARM.Collect$$rtexit$$00000004  c_w.l(rtexit2.o)
    0x08000226   0x08000226   0x00000002   PAD
    0x08000228   0x08000228   0x00000040   Code   RO         1657    .text               startup_stm32f302x8.o
    0x08000268   0x08000268   0x00000006   Code   RO         1700    .text               c_w.l(heapauxi.o)
    0x0800026e   0x0800026e   0x0000004a   Code   RO         1720    .text               c_w.l(sys_stackheap_outer.o)
    0x080002b8   0x080002b8   0x00000012   Code   RO         1722    .text               c_w.l(exit.o)
    0x080002ca   0x080002ca   0x00000002   PAD
    0x080002cc   0x080002cc   0x00000008   Code   RO         1730    .text               c_w.l(libspace.o)
    0x080002d4   0x080002d4   0x0000000c   Code   RO         1791    .text               c_w.l(sys_exit.o)
    0x080002e0   0x080002e0   0x00000002   Code   RO         1802    .text               c_w.l(use_no_semi.o)
    0x080002e2   0x080002e2   0x00000000   Code   RO         1804    .text               c_w.l(indicate_semi.o)
    0x080002e2   0x080002e2   0x00000002   PAD
    0x080002e4   0x080002e4   0x00000024   Code   RO          172    i.ADC1_IRQHandler   adc.o
    0x08000308   0x08000308   0x0000007c   Code   RO          173    i.DMA1_Channel1_IRQHandler  adc.o
    0x08000384   0x08000384   0x00000006   Code   RO          174    i.LL_ADC_ClearFlag_JEOS  adc.o
    0x0800038a   0x0800038a   0x00000002   PAD
    0x0800038c   0x0800038c   0x0000001c   Code   RO          181    i.LL_DMA_EnableChannel  adc.o
    0x080003a8   0x080003a8   0x00000144   Code   RO          746    i.LL_GPIO_Init      stm32f3xx_ll_gpio.o
    0x080004ec   0x080004ec   0x00000004   Code   RO           75    i.LL_GPIO_ResetOutputPin  led.o
    0x080004f0   0x080004f0   0x00000016   Code   RO          747    i.LL_GPIO_StructInit  stm32f3xx_ll_gpio.o
    0x08000506   0x08000506   0x00000002   PAD
    0x08000508   0x08000508   0x00000094   Code   RO         1332    i.LL_TIM_Init       stm32f3xx_ll_tim.o
    0x0800059c   0x0800059c   0x00000074   Code   RO          338    i.LL_TIM_OC_EnablePreload  tim.o
    0x08000610   0x08000610   0x00000084   Code   RO         1333    i.LL_TIM_OC_Init    stm32f3xx_ll_tim.o
    0x08000694   0x08000694   0x00000004   Code   RO         1334    i.LL_TIM_OC_SetCompareCH2  stm32f3xx_ll_tim.o
    0x08000698   0x08000698   0x00000014   Code   RO         1335    i.LL_TIM_OC_StructInit  stm32f3xx_ll_tim.o
    0x080006ac   0x080006ac   0x00000012   Code   RO         1336    i.LL_TIM_StructInit  stm32f3xx_ll_tim.o
    0x080006be   0x080006be   0x00000002   PAD
    0x080006c0   0x080006c0   0x000000a0   Code   RO         1337    i.OC1Config         stm32f3xx_ll_tim.o
    0x08000760   0x08000760   0x000000ac   Code   RO         1338    i.OC2Config         stm32f3xx_ll_tim.o
    0x0800080c   0x0800080c   0x000000a0   Code   RO         1339    i.OC3Config         stm32f3xx_ll_tim.o
    0x080008ac   0x080008ac   0x00000080   Code   RO         1340    i.OC4Config         stm32f3xx_ll_tim.o
    0x0800092c   0x0800092c   0x0000007c   Code   RO         1341    i.OC5Config         stm32f3xx_ll_tim.o
    0x080009a8   0x080009a8   0x0000007c   Code   RO         1342    i.OC6Config         stm32f3xx_ll_tim.o
    0x08000a24   0x08000a24   0x0000007c   Code   RO         1665    i.SystemInit        system_stm32f3xx.o
    0x08000aa0   0x08000aa0   0x00000048   Code   RO          139    i.button_init       button.o
    0x08000ae8   0x08000ae8   0x00000050   Code   RO          339    i.gpio_pwm_init     tim.o
    0x08000b38   0x08000b38   0x00000050   Code   RO           76    i.led_init          led.o
    0x08000b88   0x08000b88   0x0000001c   Code   RO            4    i.main              main.o
    0x08000ba4   0x08000ba4   0x00000054   Code   RO          340    i.tim1_init         tim.o
    0x08000bf8   0x08000bf8   0x00000064   Code   RO          341    i.tim1_pwm_init     tim.o
    0x08000c5c   0x08000c5c   0x00000018   Code   RO          342    i.tim1_start        tim.o
    0x08000c74   0x08000c74   0x0000000a   Code   RO         1789    x$fpl$fpinit        fz_wm.l(fpinit.o)
    0x08000c7e   0x08000c7e   0x00000002   PAD
    0x08000c80   0x08000c80   0x00000018   Data   RO          195    .constdata          adc.o
    0x08000c98   0x08000c98   0x0000002d   Data   RO          343    .constdata          tim.o
    0x08000cc5   0x08000cc5   0x00000003   PAD
    0x08000cc8   0x08000cc8   0x00000020   Data   RO         1857    Region$$Table       anon$$obj.o


    Execution Region RW_IRAM1 (Exec base: 0x20000000, Load base: 0x08000ce8, Size: 0x00000670, Max: 0x00004000, ABSOLUTE)

    Exec Addr    Load Addr    Size         Type   Attr      Idx    E Section Name        Object

    0x20000000   0x08000ce8   0x0000000a   Data   RW          196    .data               adc.o
    0x2000000a   0x08000cf2   0x00000002   PAD
    0x2000000c        -       0x00000060   Zero   RW         1731    .bss                c_w.l(libspace.o)
    0x2000006c   0x08000cf2   0x00000004   PAD
    0x20000070        -       0x00000200   Zero   RW         1655    HEAP                startup_stm32f302x8.o
    0x20000270        -       0x00000400   Zero   RW         1654    STACK               startup_stm32f302x8.o


==============================================================================

Image component sizes


      Code (inc. data)   RO Data    RW Data    ZI Data      Debug   Object Name

       194         30         24         10          0      62635   adc.o
        72         10          0          0          0       4742   button.o
        84         10          0          0          0       8115   led.o
        28          0          0          0          0     418111   main.o
        64         26        392          0       1536        892   startup_stm32f302x8.o
       346          0          0          0          0       7968   stm32f3xx_ll_gpio.o
      1190        140          0          0          0      45570   stm32f3xx_ll_tim.o
       124         20          0          0          0        561   system_stm32f3xx.o
       404         36         45          0          0      36633   tim.o

    ----------------------------------------------------------------------
      2512        272        496         12       1536     585227   Object Totals
         0          0         32          0          0          0   (incl. Generated)
         6          0          3          2          0          0   (incl. Padding)

    ----------------------------------------------------------------------

      Code (inc. data)   RO Data    RW Data    ZI Data      Debug   Library Member Name

         8          0          0          0          0         68   __main.o
         0          0          0          0          0          0   __rtentry.o
        12          0          0          0          0          0   __rtentry2.o
         6          0          0          0          0          0   __rtentry4.o
        52          8          0          0          0          0   __scatter.o
        26          0          0          0          0          0   __scatter_copy.o
        28          0          0          0          0          0   __scatter_zi.o
        18          0          0          0          0         80   exit.o
         6          0          0          0          0        152   heapauxi.o
         0          0          0          0          0          0   indicate_semi.o
         2          0          0          0          0          0   libinit.o
         6          0          0          0          0          0   libinit2.o
         2          0          0          0          0          0   libshutdown.o
         2          0          0          0          0          0   libshutdown2.o
         8          4          0          0         96         68   libspace.o
         2          0          0          0          0          0   rtexit.o
        10          0          0          0          0          0   rtexit2.o
        12          4          0          0          0         68   sys_exit.o
        74          0          0          0          0         80   sys_stackheap_outer.o
         2          0          0          0          0         68   use_no_semi.o
        10          0          0          0          0        116   fpinit.o

    ----------------------------------------------------------------------
       296         16          0          0        100        700   Library Totals
        10          0          0          0          4          0   (incl. Padding)

    ----------------------------------------------------------------------

      Code (inc. data)   RO Data    RW Data    ZI Data      Debug   Library Name

       276         16          0          0         96        584   c_w.l
        10          0          0          0          0        116   fz_wm.l

    ----------------------------------------------------------------------
       296         16          0          0        100        700   Library Totals

    ----------------------------------------------------------------------

==============================================================================


      Code (inc. data)   RO Data    RW Data    ZI Data      Debug   

      2808        288        496         12       1636     583371   Grand Totals
      2808        288        496         12       1636     583371   ELF Image Totals
      2808        288        496         12          0          0   ROM Totals

==============================================================================

    Total RO  Size (Code + RO Data)                 3304 (   3.23kB)
    Total RW  Size (RW Data + ZI Data)              1648 (   1.61kB)
    Total ROM Size (Code + RO Data + RW Data)       3316 (   3.24kB)

==============================================================================

